ARM Linker, 5.03 [Build 76] [MDK-ARM Basic]

==============================================================================

Section Cross References

    system_stm32f10x.o(.text) refers to system_stm32f10x.o(.data) for SystemCoreClock
    startup_stm32f10x_md.o(STACK) refers (Special) to heapauxi.o(.text) for __use_two_region_memory
    startup_stm32f10x_md.o(HEAP) refers (Special) to heapauxi.o(.text) for __use_two_region_memory
    startup_stm32f10x_md.o(RESET) refers (Special) to heapauxi.o(.text) for __use_two_region_memory
    startup_stm32f10x_md.o(RESET) refers to startup_stm32f10x_md.o(STACK) for __initial_sp
    startup_stm32f10x_md.o(RESET) refers to startup_stm32f10x_md.o(.text) for Reset_Handler
    startup_stm32f10x_md.o(RESET) refers to stm32f10x_it.o(.text) for NMI_Handler
    startup_stm32f10x_md.o(RESET) refers to timer.o(.text) for TIM3_IRQHandler
    startup_stm32f10x_md.o(.text) refers (Special) to heapauxi.o(.text) for __use_two_region_memory
    startup_stm32f10x_md.o(.text) refers to system_stm32f10x.o(.text) for SystemInit
    startup_stm32f10x_md.o(.text) refers to __main.o(!!!main) for __main
    startup_stm32f10x_md.o(.text) refers to startup_stm32f10x_md.o(HEAP) for Heap_Mem
    startup_stm32f10x_md.o(.text) refers to startup_stm32f10x_md.o(STACK) for Stack_Mem
    stm32f10x_gpio.o(.text) refers to stm32f10x_rcc.o(.text) for RCC_APB2PeriphResetCmd
    stm32f10x_rcc.o(.text) refers to stm32f10x_rcc.o(.data) for APBAHBPrescTable
    stm32f10x_usart.o(.text) refers to stm32f10x_rcc.o(.text) for RCC_APB2PeriphResetCmd
    stm32f10x_tim.o(.text) refers to stm32f10x_rcc.o(.text) for RCC_APB2PeriphResetCmd
    stm32f10x_adc.o(.text) refers to stm32f10x_rcc.o(.text) for RCC_APB2PeriphResetCmd
    usart.o(.text) refers (Special) to use_no_semi_2.o(.text) for __use_no_semihosting
    usart.o(.text) refers to stm32f10x_usart.o(.text) for USART_GetFlagStatus
    usart.o(.text) refers to c89vsnprintf.o(.text) for __c89vsnprintf
    usart.o(.data) refers (Special) to use_no_semi_2.o(.text) for __use_no_semihosting
    delay.o(.text) refers to misc.o(.text) for SysTick_CLKSourceConfig
    delay.o(.text) refers to delay.o(.data) for s_chFacMicro
    config.o(.text) refers to rgb_led.o(.text) for RGB_LED_Init
    config.o(.text) refers to buzzer.o(.text) for Buzzer_Init
    config.o(.text) refers to lm75b.o(.text) for LM75b_Init
    config.o(.text) refers to ds3231.o(.text) for DS3231_Init
    config.o(.text) refers to adxl345.o(.text) for ADXL345_Init
    config.o(.text) refers to ssd1306.o(.text) for ssd1306_init
    config.o(.text) refers to stm32f10x_rcc.o(.text) for RCC_APB2PeriphClockCmd
    config.o(.text) refers to stm32f10x_adc.o(.text) for ADC_DeInit
    config.o(.text) refers to misc.o(.text) for NVIC_PriorityGroupConfig
    config.o(.text) refers to stm32f10x_gpio.o(.text) for GPIO_PinRemapConfig
    config.o(.text) refers to stm32f10x_usart.o(.text) for USART_Init
    config.o(.text) refers to delay.o(.text) for delay_init
    config.o(.text) refers to system_stm32f10x.o(.text) for SystemCoreClockUpdate
    config.o(.text) refers to timer.o(.text) for TIM3_Int_Init
    config.o(.text) refers to io_iic.o(.text) for I2Cx_Init
    main.o(.text) refers to _printf_percent.o(.ARM.Collect$$_printf_percent$$00000000) for _printf_percent
    main.o(.text) refers to _printf_f.o(.ARM.Collect$$_printf_percent$$00000003) for _printf_f
    main.o(.text) refers to printf1.o(x$fpl$printf1) for _printf_fp_dec
    main.o(.text) refers to _printf_pad.o(.text) for _printf_pre_padding
    main.o(.text) refers to _printf_d.o(.ARM.Collect$$_printf_percent$$00000009) for _printf_d
    main.o(.text) refers to _printf_dec.o(.text) for _printf_int_dec
    main.o(.text) refers to strcmpv7m.o(.text) for strcmp
    main.o(.text) refers to json.o(.text) for parse_rgb
    main.o(.text) refers to rgb_led.o(.text) for LED_RGB_Control
    main.o(.text) refers to usart.o(.text) for USART3_printf
    main.o(.text) refers to __2printf.o(.text) for __2printf
    main.o(.text) refers to buzzer.o(.text) for Buzzer_Control
    main.o(.text) refers to ssd1306.o(.text) for ssd1306_clear_screen
    main.o(.text) refers to adxl345.o(.text) for ADXL345_Get_Output
    main.o(.text) refers to f2d.o(x$fpl$f2d) for __aeabi_f2d
    main.o(.text) refers to joystick.o(.text) for Joystick_Scan
    main.o(.text) refers to adc.o(.text) for adc_get_average
    main.o(.text) refers to fflt_clz.o(x$fpl$ffltu) for __aeabi_ui2f
    main.o(.text) refers to fdiv.o(x$fpl$fdiv) for __aeabi_fdiv
    main.o(.text) refers to dmul.o(x$fpl$dmul) for __aeabi_dmul
    main.o(.text) refers to lm75b.o(.text) for getTemp
    main.o(.text) refers to feqf.o(x$fpl$feqf) for __aeabi_cfcmpeq
    main.o(.text) refers to ds3231.o(.text) for DS3231_Get
    main.o(.text) refers to config.o(.text) for system_init
    main.o(.text) refers to fifo.o(.text) for fifo_out
    main.o(.text) refers to main.o(.bss) for u8_buffer
[...]
    .data                                    0x2000002c   Section        4  delay.o(.data)
    s_chFacMicro                             0x2000002c   Data           1  delay.o(.data)
    s_hwFacMill                              0x2000002e   Data           2  delay.o(.data)
    .data                                    0x20000030   Section       12  main.o(.data)
    Joystick_backup                          0x20000032   Data           2  main.o(.data)
    ADC_backup                               0x20000034   Data           2  main.o(.data)
    TEMP_backup                              0x20000038   Data           4  main.o(.data)
    .data                                    0x2000003c   Section       28  timer.o(.data)
    .data                                    0x20000058   Section        4  lm75b.o(.data)
    m_u8I2CAddr                              0x20000058   Data           4  lm75b.o(.data)
    .data                                    0x2000005c   Section        6  adxl345.o(.data)
    .data                                    0x20000062   Section        1  joystick.o(.data)
    Joystick_up                              0x20000062   Data           1  joystick.o(.data)
    .bss                                     0x20000064   Section      320  main.o(.bss)
    t                                        0x20000096   Data          12  main.o(.bss)
    .bss                                     0x200001a4   Section     4108  fifo.o(.bss)
    fifo                                     0x200001a4   Data        4108  fifo.o(.bss)
    .bss                                     0x200011b0   Section     1024  ssd1306.o(.bss)
    s_chDispalyBuffer                        0x200011b0   Data        1024  ssd1306.o(.bss)
    .bss                                     0x200015b0   Section       96  libspace.o(.bss)
    HEAP                                     0x20001610   Section      512  startup_stm32f10x_md.o(HEAP)
    Heap_Mem                                 0x20001610   Data         512  startup_stm32f10x_md.o(HEAP)
    STACK                                    0x20001810   Section     1024  startup_stm32f10x_md.o(STACK)
    Stack_Mem                                0x20001810   Data        1024  startup_stm32f10x_md.o(STACK)
    __initial_sp                             0x20001c10   Data           0  startup_stm32f10x_md.o(STACK)

    Global Symbols

    Symbol Name                              Value     Ov Type        Size  Object(Section)

    BuildAttributes$$THM_ISAv4$P$D$K$B$S$PE$A:L22UL41UL21$X:L11$S22US41US21$IEEE1$IW$USESV6$~STKCKD$USESV7$~SHL$OTIME$ROPI$IEEEJ$EBA8$UX$STANDARDLIB$REQ8$PRES8$EABIv2 0x00000000   Number         0  anon$$obj.o ABSOLUTE
    __ARM_use_no_argv                        0x00000000   Number         0  main.o ABSOLUTE
    _printf_flags                            0x00000000   Number         0  printf_stubs.o ABSOLUTE
    _printf_return_value                     0x00000000   Number         0  printf_stubs.o ABSOLUTE
    _printf_sizespec                         0x00000000   Number         0  printf_stubs.o ABSOLUTE
    _printf_widthprec                        0x00000000   Number         0  printf_stubs.o ABSOLUTE
    __ARM_exceptions_init                     - Undefined Weak Reference
    __alloca_initialize                       - Undefined Weak Reference
    __cpp_initialize__aeabi_                  - Undefined Weak Reference
    __cxa_finalize                            - Undefined Weak Reference
    __sigvec_lookup                           - Undefined Weak Reference
    _atexit_init                              - Undefined Weak Reference
    _call_atexit_fns                          - Undefined Weak Reference
    _clock_init                               - Undefined Weak Reference
    _fp_trap_init                             - Undefined Weak Reference
    _fp_trap_shutdown                         - Undefined Weak Reference
    _get_lc_collate                           - Undefined Weak Reference
    _get_lc_monetary                          - Undefined Weak Reference
    _get_lc_time                              - Undefined Weak Reference
    _getenv_init                              - Undefined Weak Reference
    _handle_redirection                       - Undefined Weak Reference
    _init_alloc                               - Undefined Weak Reference
    _init_user_alloc                          - Undefined Weak Reference
    _initio                                   - Undefined Weak Reference
    _mutex_acquire                            - Undefined Weak Reference
    _mutex_release                            - Undefined Weak Reference
    _printf_fp_hex                            - Undefined Weak Reference
    _printf_mbtowc                            - Undefined Weak Reference
    _printf_wc                                - Undefined Weak Reference
    _rand_init                                - Undefined Weak Reference
    _signal_finish                            - Undefined Weak Reference
    _signal_init                              - Undefined Weak Reference
    _terminate_alloc                          - Undefined Weak Reference
    _terminate_user_alloc                     - Undefined Weak Reference
    _terminateio                              - Undefined Weak Reference
    __Vectors_Size                           0x000000ec   Number         0  startup_stm32f10x_md.o ABSOLUTE
    __Vectors                                0x08000000   Data           4  startup_stm32f10x_md.o(RESET)
    __Vectors_End                            0x080000ec   Data           0  startup_stm32f10x_md.o(RESET)
    __main                                   0x080000ed   Thumb Code     8  __main.o(!!!main)
    __scatterload                            0x080000f5   Thumb Code     0  __scatter.o(!!!scatter)
    __scatterload_rt2                        0x080000f5   Thumb Code    44  __scatter.o(!!!scatter)
    __scatterload_rt2_thumb_only             0x080000f5   Thumb Code     0  __scatter.o(!!!scatter)
    __scatterload_null                       0x08000103   Thumb Code     0  __scatter.o(!!!scatter)
    __scatterload_copy                       0x08000129   Thumb Code    26  __scatter_copy.o(!!handler_copy)
    __scatterload_zeroinit                   0x08000145   Thumb Code    28  __scatter_zi.o(!!handler_zi)
    _printf_n                                0x08000161   Thumb Code     0  _printf_n.o(.ARM.Collect$$_printf_percent$$00000001)
    _printf_percent                          0x08000161   Thumb Code     0  _printf_percent.o(.ARM.Collect$$_printf_percent$$00000000)
    _printf_p                                0x08000167   Thumb Code     0  _printf_p.o(.ARM.Collect$$_printf_percent$$00000002)
    _printf_f                                0x0800016d   Thumb Code     0  _printf_f.o(.ARM.Collect$$_printf_percent$$00000003)
    _printf_e                                0x08000173   Thumb Code     0  _printf_e.o(.ARM.Collect$$_printf_percent$$00000004)
    _printf_g                                0x08000179   Thumb Code     0  _printf_g.o(.ARM.Collect$$_printf_percent$$00000005)
    _printf_a                                0x0800017f   Thumb Code     0  _printf_a.o(.ARM.Collect$$_printf_percent$$00000006)
    _printf_ll                               0x08000185   Thumb Code     0  _printf_ll.o(.ARM.Collect$$_printf_percent$$00000007)
    _printf_i                                0x0800018f   Thumb Code     0  _printf_i.o(.ARM.Collect$$_printf_percent$$00000008)
    _printf_d                                0x08000195   Thumb Code     0  _printf_d.o(.ARM.Collect$$_printf_percent$$00000009)
    _printf_u                                0x0800019b   Thumb Code     0  _printf_u.o(.ARM.Collect$$_printf_percent$$0000000A)
    _printf_o                                0x080001a1   Thumb Code     0  _printf_o.o(.ARM.Collect$$_printf_percent$$0000000B)
    _printf_x                                0x080001a7   Thumb Code     0  _printf_x.o(.ARM.Collect$$_printf_percent$$0000000C)
    _printf_lli                              0x080001ad   Thumb Code     0  _printf_lli.o(.ARM.Collect$$_printf_percent$$0000000D)
    _printf_lld                              0x080001b3   Thumb Code     0  _printf_lld.o(.ARM.Collect$$_printf_percent$$0000000E)
    _printf_llu                              0x080001b9   Thumb Code     0  _printf_llu.o(.ARM.Collect$$_printf_percent$$0000000F)
    _printf_llo                              0x080001bf   Thumb Code     0  _printf_llo.o(.ARM.Collect$$_printf_percent$$00000010)
    _printf_llx                              0x080001c5   Thumb Code     0  _printf_llx.o(.ARM.Collect$$_printf_percent$$00000011)
    _printf_l                                0x080001cb   Thumb Code     0  _printf_l.o(.ARM.Collect$$_printf_percent$$00000012)
    _printf_c                                0x080001d5   Thumb Code     0  _printf_c.o(.ARM.Collect$$_printf_percent$$00000013)
    _printf_s                                0x080001db   Thumb Code     0  _printf_s.o(.ARM.Collect$$_printf_percent$$00000014)
    _printf_lc                               0x080001e1   Thumb Code     0  _printf_lc.o(.ARM.Collect$$_printf_percent$$00000015)
    _printf_ls                               0x080001e7   Thumb Code     0  _printf_ls.o(.ARM.Collect$$_printf_percent$$00000016)
    _printf_percent_end                      0x080001ed   Thumb Code     0  _printf_percent_end.o(.ARM.Collect$$_printf_percent$$00000017)
    __rt_lib_init                            0x080001f1   Thumb Code     0  libinit.o(.ARM.Collect$$libinit$$00000000)
    __rt_lib_init_fp_1                       0x080001f3   Thumb Code     0  libinit2.o(.ARM.Collect$$libinit$$00000002)
    __rt_lib_init_heap_1                     0x080001f3   Thumb Code     0  libinit2.o(.ARM.Collect$$libinit$$00000008)
    __rt_lib_init_lc_common                  0x080001f3   Thumb Code     0  libinit2.o(.ARM.Collect$$libinit$$0000000D)
    __rt_lib_init_rand_1                     0x080001f3   Thumb Code     0  libinit2.o(.ARM.Collect$$libinit$$0000000C)
    __rt_lib_init_user_alloc_1               0x080001f3   Thumb Code     0  libinit2.o(.ARM.Collect$$libinit$$0000000A)
    __rt_lib_init_lc_collate_1               0x080001f9   Thumb Code     0  libinit2.o(.ARM.Collect$$libinit$$0000000F)
    __rt_lib_init_lc_ctype_2                 0x080001f9   Thumb Code     0  libinit2.o(.ARM.Collect$$libinit$$00000010)
    __rt_lib_init_lc_ctype_1                 0x08000205   Thumb Code     0  libinit2.o(.ARM.Collect$$libinit$$00000011)
    __rt_lib_init_lc_monetary_1              0x08000205   Thumb Code     0  libinit2.o(.ARM.Collect$$libinit$$00000013)
    __rt_lib_init_lc_numeric_2               0x08000205   Thumb Code     0  libinit2.o(.ARM.Collect$$libinit$$00000014)
    __rt_lib_init_alloca_1                   0x0800020f   Thumb Code     0  libinit2.o(.ARM.Collect$$libinit$$0000002C)
    __rt_lib_init_argv_1                     0x0800020f   Thumb Code     0  libinit2.o(.ARM.Collect$$libinit$$0000002A)
    __rt_lib_init_atexit_1                   0x0800020f   Thumb Code     0  libinit2.o(.ARM.Collect$$libinit$$00000019)
    __rt_lib_init_clock_1                    0x0800020f   Thumb Code     0  libinit2.o(.ARM.Collect$$libinit$$0000001F)
    __rt_lib_init_cpp_1                      0x0800020f   Thumb Code     0  libinit2.o(.ARM.Collect$$libinit$$00000030)
    __rt_lib_init_exceptions_1               0x0800020f   Thumb Code     0  libinit2.o(.ARM.Collect$$libinit$$0000002E)
    __rt_lib_init_fp_trap_1                  0x0800020f   Thumb Code     0  libinit2.o(.ARM.Collect$$libinit$$0000001D)
    __rt_lib_init_getenv_1                   0x0800020f   Thumb Code     0  libinit2.o(.ARM.Collect$$libinit$$00000021)
    __rt_lib_init_lc_numeric_1               0x0800020f   Thumb Code     0  libinit2.o(.ARM.Collect$$libinit$$00000015)
    __rt_lib_init_lc_time_1                  0x0800020f   Thumb Code     0  libinit2.o(.ARM.Collect$$libinit$$00000017)
    __rt_lib_init_return                     0x0800020f   Thumb Code     0  libinit2.o(.ARM.Collect$$libinit$$00000031)
    __rt_lib_init_signal_1                   0x0800020f   Thumb Code     0  libinit2.o(.ARM.Collect$$libinit$$0000001B)
    __rt_lib_init_stdio_1                    0x0800020f   Thumb Code     0  libinit2.o(.ARM.Collect$$libinit$$00000023)
    __rt_lib_shutdown                        0x08000211   Thumb Code     0  libshutdown.o(.ARM.Collect$$libshutdown$$00000000)
    __rt_lib_shutdown_fp_trap_1              0x08000213   Thumb Code     0  libshutdown2.o(.ARM.Collect$$libshutdown$$00000006)
    __rt_lib_shutdown_heap_1                 0x08000213   Thumb Code     0  libshutdown2.o(.ARM.Collect$$libshutdown$$0000000E)
    __rt_lib_shutdown_return                 0x08000213   Thumb Code     0  libshutdown2.o(.ARM.Collect$$libshutdown$$0000000F)
    __rt_lib_shutdown_signal_1               0x08000213   Thumb Code     0  libshutdown2.o(.ARM.Collect$$libshutdown$$00000009)
    __rt_lib_shutdown_stdio_1                0x08000213   Thumb Code     0  libshutdown2.o(.ARM.Collect$$libshutdown$$00000003)
    __rt_lib_shutdown_user_alloc_1           0x08000213   Thumb Code     0  libshutdown2.o(.ARM.Collect$$libshutdown$$0000000B)
    __rt_entry                               0x08000215   Thumb Code     0  rtentry.o(.ARM.Collect$$rtentry$$00000000)
    __rt_entry_presh_1                       0x08000215   Thumb Code     0  rtentry2.o(.ARM.Collect$$rtentry$$00000002)
    __rt_entry_sh                            0x08000215   Thumb Code     0  rtentry4.o(.ARM.Collect$$rtentry$$00000004)
    __rt_entry_li                            0x0800021b   Thumb Code     0  rtentry2.o(.ARM.Collect$$rtentry$$0000000A)
    __rt_entry_postsh_1                      0x0800021b   Thumb Code     0  rtentry2.o(.ARM.Collect$$rtentry$$00000009)
    __rt_entry_main                          0x0800021f   Thumb Code     0  rtentry2.o(.ARM.Collect$$rtentry$$0000000D)
    __rt_entry_postli_1                      0x0800021f   Thumb Code     0  rtentry2.o(.ARM.Collect$$rtentry$$0000000C)
    __rt_exit                                0x08000227   Thumb Code     0  rtexit.o(.ARM.Collect$$rtexit$$00000000)
    __rt_exit_ls                             0x08000229   Thumb Code     0  rtexit2.o(.ARM.Collect$$rtexit$$00000003)
    __rt_exit_prels_1                        0x08000229   Thumb Code     0  rtexit2.o(.ARM.Collect$$rtexit$$00000002)
    __rt_exit_exit                           0x0800022d   Thumb Code     0  rtexit2.o(.ARM.Collect$$rtexit$$00000004)
    SystemInit                               0x08000311   Thumb Code    78  system_stm32f10x.o(.text)
    SystemCoreClockUpdate                    0x0800035f   Thumb Code   142  system_stm32f10x.o(.text)
    Reset_Handler                            0x08000411   Thumb Code     8  startup_stm32f10x_md.o(.text)
    ADC1_2_IRQHandler                        0x0800042b   Thumb Code     0  startup_stm32f10x_md.o(.text)
    CAN1_RX1_IRQHandler                      0x0800042b   Thumb Code     0  startup_stm32f10x_md.o(.text)
    CAN1_SCE_IRQHandler                      0x0800042b   Thumb Code     0  startup_stm32f10x_md.o(.text)
    DMA1_Channel1_IRQHandler                 0x0800042b   Thumb Code     0  startup_stm32f10x_md.o(.text)
    DMA1_Channel2_IRQHandler                 0x0800042b   Thumb Code     0  startup_stm32f10x_md.o(.text)
    DMA1_Channel3_IRQHandler                 0x0800042b   Thumb Code     0  startup_stm32f10x_md.o(.text)
    DMA1_Channel4_IRQHandler                 0x0800042b   Thumb Code     0  startup_stm32f10x_md.o(.text)
    DMA1_Channel5_IRQHandler                 0x0800042b   Thumb Code     0  startup_stm32f10x_md.o(.text)
    DMA1_Channel6_IRQHandler                 0x0800042b   Thumb Code     0  startup_stm32f10x_md.o(.text)
    DMA1_Channel7_IRQHandler                 0x0800042b   Thumb Code     0  startup_stm32f10x_md.o(.text)
    EXTI0_IRQHandler                         0x0800042b   Thumb Code     0  startup_stm32f10x_md.o(.text)
    EXTI15_10_IRQHandler                     0x0800042b   Thumb Code     0  startup_stm32f10x_md.o(.text)
    EXTI1_IRQHandler                         0x0800042b   Thumb Code     0  startup_stm32f10x_md.o(.text)
    EXTI2_IRQHandler                         0x0800042b   Thumb Code     0  startup_stm32f10x_md.o(.text)
    EXTI3_IRQHandler                         0x0800042b   Thumb Code     0  startup_stm32f10x_md.o(.text)
    EXTI4_IRQHandler                         0x0800042b   Thumb Code     0  startup_stm32f10x_md.o(.text)
    EXTI9_5_IRQHandler                       0x0800042b   Thumb Code     0  startup_stm32f10x_md.o(.text)
    FLASH_IRQHandler                         0x0800042b   Thumb Code     0  startup_stm32f10x_md.o(.text)
    I2C1_ER_IRQHandler                       0x0800042b   Thumb Code     0  startup_stm32f10x_md.o(.text)
    I2C1_EV_IRQHandler                       0x0800042b   Thumb Code     0  startup_stm32f10x_md.o(.text)
    I2C2_ER_IRQHandler                       0x0800042b   Thumb Code     0  startup_stm32f10x_md.o(.text)
    I2C2_EV_IRQHandler                       0x0800042b   Thumb Code     0  startup_stm32f10x_md.o(.text)
    PVD_IRQHandler                           0x0800042b   Thumb Code     0  startup_stm32f10x_md.o(.text)
    RCC_IRQHandler                           0x0800042b   Thumb Code     0  startup_stm32f10x_md.o(.text)
    RTCAlarm_IRQHandler                      0x0800042b   Thumb Code     0  startup_stm32f10x_md.o(.text)
    RTC_IRQHandler                           0x0800042b   Thumb Code     0  startup_stm32f10x_md.o(.text)
    SPI1_IRQHandler                          0x0800042b   Thumb Code     0  startup_stm32f10x_md.o(.text)
    SPI2_IRQHandler                          0x0800042b   Thumb Code     0  startup_stm32f10x_md.o(.text)
    TAMPER_IRQHandler                        0x0800042b   Thumb Code     0  startup_stm32f10x_md.o(.text)
    TIM1_BRK_IRQHandler                      0x0800042b   Thumb Code     0  startup_stm32f10x_md.o(.text)
    TIM1_CC_IRQHandler                       0x0800042b   Thumb Code     0  startup_stm32f10x_md.o(.text)
    TIM1_TRG_COM_IRQHandler                  0x0800042b   Thumb Code     0  startup_stm32f10x_md.o(.text)
    TIM1_UP_IRQHandler                       0x0800042b   Thumb Code     0  startup_stm32f10x_md.o(.text)
    TIM2_IRQHandler                          0x0800042b   Thumb Code     0  startup_stm32f10x_md.o(.text)
    TIM4_IRQHandler                          0x0800042b   Thumb Code     0  startup_stm32f10x_md.o(.text)
    USART1_IRQHandler                        0x0800042b   Thumb Code     0  startup_stm32f10x_md.o(.text)
    USBWakeUp_IRQHandler                     0x0800042b   Thumb Code     0  startup_stm32f10x_md.o(.text)
    USB_HP_CAN1_TX_IRQHandler                0x0800042b   Thumb Code     0  startup_stm32f10x_md.o(.text)
    USB_LP_CAN1_RX0_IRQHandler               0x0800042b   Thumb Code     0  startup_stm32f10x_md.o(.text)
    WWDG_IRQHandler                          0x0800042b   Thumb Code     0  startup_stm32f10x_md.o(.text)
    __user_initial_stackheap                 0x0800042d   Thumb Code     0  startup_stm32f10x_md.o(.text)
    NVIC_PriorityGroupConfig                 0x08000451   Thumb Code    10  misc.o(.text)
    NVIC_Init                                0x0800045b   Thumb Code   102  misc.o(.text)
    NVIC_SetVectorTable                      0x080004c1   Thumb Code    14  misc.o(.text)
    NVIC_SystemLPConfig                      0x080004cf   Thumb Code    34  misc.o(.text)
    SysTick_CLKSourceConfig                  0x080004f1   Thumb Code    40  misc.o(.text)
    GPIO_DeInit                              0x0800052d   Thumb Code   172  stm32f10x_gpio.o(.text)
    GPIO_AFIODeInit                          0x080005d9   Thumb Code    20  stm32f10x_gpio.o(.text)
    GPIO_Init                                0x080005ed   Thumb Code   274  stm32f10x_gpio.o(.text)
    GPIO_StructInit                          0x080006ff   Thumb Code    16  stm32f10x_gpio.o(.text)
    GPIO_ReadInputDataBit                    0x0800070f   Thumb Code    18  stm32f10x_gpio.o(.text)
    GPIO_ReadInputData                       0x08000721   Thumb Code     8  stm32f10x_gpio.o(.text)
    GPIO_ReadOutputDataBit                   0x08000729   Thumb Code    18  stm32f10x_gpio.o(.text)
    GPIO_ReadOutputData                      0x0800073b   Thumb Code     8  stm32f10x_gpio.o(.text)
    GPIO_SetBits                             0x08000743   Thumb Code     4  stm32f10x_gpio.o(.text)
    GPIO_ResetBits                           0x08000747   Thumb Code     4  stm32f10x_gpio.o(.text)
    GPIO_WriteBit                            0x0800074b   Thumb Code    10  stm32f10x_gpio.o(.text)
    GPIO_Write                               0x08000755   Thumb Code     4  stm32f10x_gpio.o(.text)
    GPIO_PinLockConfig                       0x08000759   Thumb Code    18  stm32f10x_gpio.o(.text)
    GPIO_EventOutputConfig                   0x0800076b   Thumb Code    26  stm32f10x_gpio.o(.text)
    GPIO_EventOutputCmd                      0x08000785   Thumb Code     6  stm32f10x_gpio.o(.text)
    GPIO_PinRemapConfig                      0x0800078b   Thumb Code   138  stm32f10x_gpio.o(.text)
    GPIO_EXTILineConfig                      0x08000815   Thumb Code    66  stm32f10x_gpio.o(.text)
    GPIO_ETH_MediaInterfaceConfig            0x08000857   Thumb Code     6  stm32f10x_gpio.o(.text)
    RCC_DeInit                               0x08000885   Thumb Code    64  stm32f10x_rcc.o(.text)
    RCC_HSEConfig                            0x080008c5   Thumb Code    70  stm32f10x_rcc.o(.text)
    RCC_GetFlagStatus                        0x0800090b   Thumb Code    56  stm32f10x_rcc.o(.text)
    RCC_WaitForHSEStartUp                    0x08000943   Thumb Code    56  stm32f10x_rcc.o(.text)
    RCC_AdjustHSICalibrationValue            0x0800097b   Thumb Code    20  stm32f10x_rcc.o(.text)
    RCC_HSICmd                               0x0800098f   Thumb Code     6  stm32f10x_rcc.o(.text)
    RCC_PLLConfig                            0x08000995   Thumb Code    24  stm32f10x_rcc.o(.text)
    RCC_PLLCmd                               0x080009ad   Thumb Code     6  stm32f10x_rcc.o(.text)
    RCC_SYSCLKConfig                         0x080009b3   Thumb Code    18  stm32f10x_rcc.o(.text)
    RCC_GetSYSCLKSource                      0x080009c5   Thumb Code    10  stm32f10x_rcc.o(.text)
    RCC_HCLKConfig                           0x080009cf   Thumb Code    18  stm32f10x_rcc.o(.text)
    RCC_PCLK1Config                          0x080009e1   Thumb Code    18  stm32f10x_rcc.o(.text)
    RCC_PCLK2Config                          0x080009f3   Thumb Code    20  stm32f10x_rcc.o(.text)
    RCC_ITConfig                             0x08000a07   Thumb Code    26  stm32f10x_rcc.o(.text)
    RCC_USBCLKConfig                         0x08000a21   Thumb Code     6  stm32f10x_rcc.o(.text)
    RCC_ADCCLKConfig                         0x08000a27   Thumb Code    18  stm32f10x_rcc.o(.text)
    RCC_LSEConfig                            0x08000a39   Thumb Code    44  stm32f10x_rcc.o(.text)
    RCC_LSICmd                               0x08000a65   Thumb Code     6  stm32f10x_rcc.o(.text)
    RCC_RTCCLKConfig                         0x08000a6b   Thumb Code    12  stm32f10x_rcc.o(.text)
    RCC_RTCCLKCmd                            0x08000a77   Thumb Code     8  stm32f10x_rcc.o(.text)
    RCC_GetClocksFreq                        0x08000a7f   Thumb Code   192  stm32f10x_rcc.o(.text)
    RCC_AHBPeriphClockCmd                    0x08000b3f   Thumb Code    26  stm32f10x_rcc.o(.text)
    RCC_APB2PeriphClockCmd                   0x08000b59   Thumb Code    26  stm32f10x_rcc.o(.text)
    RCC_APB1PeriphClockCmd                   0x08000b73   Thumb Code    26  stm32f10x_rcc.o(.text)
    RCC_APB2PeriphResetCmd                   0x08000b8d   Thumb Code    26  stm32f10x_rcc.o(.text)
    RCC_APB1PeriphResetCmd                   0x08000ba7   Thumb Code    26  stm32f10x_rcc.o(.text)
    RCC_BackupResetCmd                       0x08000bc1   Thumb Code     8  stm32f10x_rcc.o(.text)
    RCC_ClockSecuritySystemCmd               0x08000bc9   Thumb Code     6  stm32f10x_rcc.o(.text)
    RCC_MCOConfig                            0x08000bcf   Thumb Code     6  stm32f10x_rcc.o(.text)
    RCC_ClearFlag                            0x08000bd5   Thumb Code    14  stm32f10x_rcc.o(.text)
    RCC_GetITStatus                          0x08000be3   Thumb Code    20  stm32f10x_rcc.o(.text)
    RCC_ClearITPendingBit                    0x08000bf7   Thumb Code     6  stm32f10x_rcc.o(.text)
    USART_DeInit                             0x08000c29   Thumb Code   134  stm32f10x_usart.o(.text)
    USART_Init                               0x08000caf   Thumb Code   210  stm32f10x_usart.o(.text)
    USART_StructInit                         0x08000d81   Thumb Code    24  stm32f10x_usart.o(.text)
    USART_ClockInit                          0x08000d99   Thumb Code    34  stm32f10x_usart.o(.text)
    USART_ClockStructInit                    0x08000dbb   Thumb Code    12  stm32f10x_usart.o(.text)
    USART_Cmd                                0x08000dc7   Thumb Code    24  stm32f10x_usart.o(.text)
    USART_ITConfig                           0x08000ddf   Thumb Code    74  stm32f10x_usart.o(.text)
    USART_DMACmd                             0x08000e29   Thumb Code    18  stm32f10x_usart.o(.text)
    USART_SetAddress                         0x08000e3b   Thumb Code    18  stm32f10x_usart.o(.text)
    USART_WakeUpConfig                       0x08000e4d   Thumb Code    18  stm32f10x_usart.o(.text)
    USART_ReceiverWakeUpCmd                  0x08000e5f   Thumb Code    24  stm32f10x_usart.o(.text)
    USART_LINBreakDetectLengthConfig         0x08000e77   Thumb Code    18  stm32f10x_usart.o(.text)
    USART_LINCmd                             0x08000e89   Thumb Code    24  stm32f10x_usart.o(.text)
    USART_SendData                           0x08000ea1   Thumb Code     8  stm32f10x_usart.o(.text)
    USART_ReceiveData                        0x08000ea9   Thumb Code    10  stm32f10x_usart.o(.text)
    USART_SendBreak                          0x08000eb3   Thumb Code    10  stm32f10x_usart.o(.text)
    USART_SetGuardTime                       0x08000ebd   Thumb Code    16  stm32f10x_usart.o(.text)
    USART_SetPrescaler                       0x08000ecd   Thumb Code    16  stm32f10x_usart.o(.text)
    USART_SmartCardCmd                       0x08000edd   Thumb Code    24  stm32f10x_usart.o(.text)
    USART_SmartCardNACKCmd                   0x08000ef5   Thumb Code    24  stm32f10x_usart.o(.text)
    USART_HalfDuplexCmd                      0x08000f0d   Thumb Code    24  stm32f10x_usart.o(.text)
    USART_OverSampling8Cmd                   0x08000f25   Thumb Code    22  stm32f10x_usart.o(.text)
    USART_OneBitMethodCmd                    0x08000f3b   Thumb Code    24  stm32f10x_usart.o(.text)
    USART_IrDAConfig                         0x08000f53   Thumb Code    18  stm32f10x_usart.o(.text)
    USART_IrDACmd                            0x08000f65   Thumb Code    24  stm32f10x_usart.o(.text)
    USART_GetFlagStatus                      0x08000f7d   Thumb Code    26  stm32f10x_usart.o(.text)
    USART_ClearFlag                          0x08000f97   Thumb Code    18  stm32f10x_usart.o(.text)
    USART_GetITStatus                        0x08000fa9   Thumb Code    84  stm32f10x_usart.o(.text)
    USART_ClearITPendingBit                  0x08000ffd   Thumb Code    52  stm32f10x_usart.o(.text)
    TIM_DeInit                               0x08001031   Thumb Code   424  stm32f10x_tim.o(.text)
    TIM_TimeBaseInit                         0x080011d9   Thumb Code   122  stm32f10x_tim.o(.text)
    TIM_OC1Init                              0x08001253   Thumb Code   132  stm32f10x_tim.o(.text)
    TIM_OC2Init                              0x080012d7   Thumb Code   154  stm32f10x_tim.o(.text)
    TIM_OC3Init                              0x08001371   Thumb Code   150  stm32f10x_tim.o(.text)
    TIM_OC4Init                              0x08001407   Thumb Code   182  stm32f10x_tim.o(.text)
    TIM_SetIC4Prescaler                      0x080014bd   Thumb Code    26  stm32f10x_tim.o(.text)
    TIM_SetIC3Prescaler                      0x08001559   Thumb Code    18  stm32f10x_tim.o(.text)
    TIM_SetIC2Prescaler                      0x080015e5   Thumb Code    26  stm32f10x_tim.o(.text)
    TIM_SetIC1Prescaler                      0x08001681   Thumb Code    18  stm32f10x_tim.o(.text)
    TIM_ICInit                               0x080016ff   Thumb Code   150  stm32f10x_tim.o(.text)
    TIM_PWMIConfig                           0x08001795   Thumb Code   124  stm32f10x_tim.o(.text)
    TIM_BDTRConfig                           0x08001811   Thumb Code    32  stm32f10x_tim.o(.text)
    TIM_TimeBaseStructInit                   0x08001831   Thumb Code    18  stm32f10x_tim.o(.text)
    TIM_OCStructInit                         0x08001843   Thumb Code    20  stm32f10x_tim.o(.text)
    TIM_ICStructInit                         0x08001857   Thumb Code    18  stm32f10x_tim.o(.text)
    TIM_BDTRStructInit                       0x08001869   Thumb Code    40  stm32f10x_tim.o(.text)
    TIM_Cmd                                  0x08001891   Thumb Code    24  stm32f10x_tim.o(.text)
    TIM_CtrlPWMOutputs                       0x080018a9   Thumb Code    30  stm32f10x_tim.o(.text)
    TIM_ITConfig                             0x080018c7   Thumb Code    18  stm32f10x_tim.o(.text)
    TIM_GenerateEvent                        0x080018d9   Thumb Code     4  stm32f10x_tim.o(.text)
    TIM_DMAConfig                            0x080018dd   Thumb Code    10  stm32f10x_tim.o(.text)
    TIM_DMACmd                               0x080018e7   Thumb Code    18  stm32f10x_tim.o(.text)
    TIM_InternalClockConfig                  0x080018f9   Thumb Code    12  stm32f10x_tim.o(.text)
    TIM_SelectInputTrigger                   0x08001905   Thumb Code    18  stm32f10x_tim.o(.text)
    TIM_ITRxExternalClockConfig              0x08001917   Thumb Code    24  stm32f10x_tim.o(.text)
    TIM_TIxExternalClockConfig               0x0800192f   Thumb Code    62  stm32f10x_tim.o(.text)
    TIM_ETRConfig                            0x0800196d   Thumb Code    28  stm32f10x_tim.o(.text)
    TIM_ETRClockMode1Config                  0x08001989   Thumb Code    54  stm32f10x_tim.o(.text)
    TIM_ETRClockMode2Config                  0x080019bf   Thumb Code    32  stm32f10x_tim.o(.text)
    TIM_PrescalerConfig                      0x080019df   Thumb Code     6  stm32f10x_tim.o(.text)
    TIM_CounterModeConfig                    0x080019e5   Thumb Code    18  stm32f10x_tim.o(.text)
    TIM_EncoderInterfaceConfig               0x080019f7   Thumb Code    66  stm32f10x_tim.o(.text)
    TIM_ForcedOC1Config                      0x08001a39   Thumb Code    18  stm32f10x_tim.o(.text)
    TIM_ForcedOC2Config                      0x08001a4b   Thumb Code    26  stm32f10x_tim.o(.text)
    TIM_ForcedOC3Config                      0x08001a65   Thumb Code    18  stm32f10x_tim.o(.text)
    TIM_ForcedOC4Config                      0x08001a77   Thumb Code    26  stm32f10x_tim.o(.text)
    TIM_ARRPreloadConfig                     0x08001a91   Thumb Code    24  stm32f10x_tim.o(.text)
    TIM_SelectCOM                            0x08001aa9   Thumb Code    24  stm32f10x_tim.o(.text)
    TIM_SelectCCDMA                          0x08001ac1   Thumb Code    24  stm32f10x_tim.o(.text)
    TIM_CCPreloadControl                     0x08001ad9   Thumb Code    24  stm32f10x_tim.o(.text)
    TIM_OC1PreloadConfig                     0x08001af1   Thumb Code    18  stm32f10x_tim.o(.text)
    TIM_OC2PreloadConfig                     0x08001b03   Thumb Code    26  stm32f10x_tim.o(.text)
    TIM_OC3PreloadConfig                     0x08001b1d   Thumb Code    18  stm32f10x_tim.o(.text)
    TIM_OC4PreloadConfig                     0x08001b2f   Thumb Code    26  stm32f10x_tim.o(.text)
    TIM_OC1FastConfig                        0x08001b49   Thumb Code    18  stm32f10x_tim.o(.text)
    TIM_OC2FastConfig                        0x08001b5b   Thumb Code    26  stm32f10x_tim.o(.text)
    TIM_OC3FastConfig                        0x08001b75   Thumb Code    18  stm32f10x_tim.o(.text)
    TIM_OC4FastConfig                        0x08001b87   Thumb Code    26  stm32f10x_tim.o(.text)
    TIM_ClearOC1Ref                          0x08001ba1   Thumb Code    18  stm32f10x_tim.o(.text)
    TIM_ClearOC2Ref                          0x08001bb3   Thumb Code    24  stm32f10x_tim.o(.text)
    TIM_ClearOC3Ref                          0x08001bcb   Thumb Code    18  stm32f10x_tim.o(.text)
    TIM_ClearOC4Ref                          0x08001bdd   Thumb Code    24  stm32f10x_tim.o(.text)
    TIM_OC1PolarityConfig                    0x08001bf5   Thumb Code    18  stm32f10x_tim.o(.text)
    TIM_OC1NPolarityConfig                   0x08001c07   Thumb Code    18  stm32f10x_tim.o(.text)
    TIM_OC2PolarityConfig                    0x08001c19   Thumb Code    26  stm32f10x_tim.o(.text)
    TIM_OC2NPolarityConfig                   0x08001c33   Thumb Code    26  stm32f10x_tim.o(.text)
    TIM_OC3PolarityConfig                    0x08001c4d   Thumb Code    26  stm32f10x_tim.o(.text)
    TIM_OC3NPolarityConfig                   0x08001c67   Thumb Code    26  stm32f10x_tim.o(.text)
    TIM_OC4PolarityConfig                    0x08001c81   Thumb Code    26  stm32f10x_tim.o(.text)
    TIM_CCxCmd                               0x08001c9b   Thumb Code    30  stm32f10x_tim.o(.text)
    TIM_CCxNCmd                              0x08001cb9   Thumb Code    30  stm32f10x_tim.o(.text)
    TIM_SelectOCxM                           0x08001cd7   Thumb Code    82  stm32f10x_tim.o(.text)
    TIM_UpdateDisableConfig                  0x08001d29   Thumb Code    24  stm32f10x_tim.o(.text)
    TIM_UpdateRequestConfig                  0x08001d41   Thumb Code    24  stm32f10x_tim.o(.text)
    TIM_SelectHallSensor                     0x08001d59   Thumb Code    24  stm32f10x_tim.o(.text)
    TIM_SelectOnePulseMode                   0x08001d71   Thumb Code    18  stm32f10x_tim.o(.text)
    TIM_SelectOutputTrigger                  0x08001d83   Thumb Code    18  stm32f10x_tim.o(.text)
    TIM_SelectSlaveMode                      0x08001d95   Thumb Code    18  stm32f10x_tim.o(.text)
    TIM_SelectMasterSlaveMode                0x08001da7   Thumb Code    18  stm32f10x_tim.o(.text)
    TIM_SetCounter                           0x08001db9   Thumb Code     4  stm32f10x_tim.o(.text)
    TIM_SetAutoreload                        0x08001dbd   Thumb Code     4  stm32f10x_tim.o(.text)
    TIM_SetCompare1                          0x08001dc1   Thumb Code     4  stm32f10x_tim.o(.text)
    TIM_SetCompare2                          0x08001dc5   Thumb Code     4  stm32f10x_tim.o(.text)
    TIM_SetCompare3                          0x08001dc9   Thumb Code     4  stm32f10x_tim.o(.text)
    TIM_SetCompare4                          0x08001dcd   Thumb Code     6  stm32f10x_tim.o(.text)
    TIM_SetClockDivision                     0x08001dd3   Thumb Code    18  stm32f10x_tim.o(.text)
    TIM_GetCapture1                          0x08001de5   Thumb Code     6  stm32f10x_tim.o(.text)
    TIM_GetCapture2                          0x08001deb   Thumb Code     6  stm32f10x_tim.o(.text)
    TIM_GetCapture3                          0x08001df1   Thumb Code     6  stm32f10x_tim.o(.text)
    TIM_GetCapture4                          0x08001df7   Thumb Code     8  stm32f10x_tim.o(.text)
    TIM_GetCounter                           0x08001dff   Thumb Code     6  stm32f10x_tim.o(.text)
    TIM_GetPrescaler                         0x08001e05   Thumb Code     6  stm32f10x_tim.o(.text)
    TIM_GetFlagStatus                        0x08001e0b   Thumb Code    18  stm32f10x_tim.o(.text)
    TIM_ClearFlag                            0x08001e1d   Thumb Code     6  stm32f10x_tim.o(.text)
    TIM_GetITStatus                          0x08001e23   Thumb Code    34  stm32f10x_tim.o(.text)
    TIM_ClearITPendingBit                    0x08001e45   Thumb Code     6  stm32f10x_tim.o(.text)
    ADC_DeInit                               0x08001e4d   Thumb Code    78  stm32f10x_adc.o(.text)
    ADC_Init                                 0x08001e9b   Thumb Code    70  stm32f10x_adc.o(.text)
    ADC_StructInit                           0x08001ee1   Thumb Code    18  stm32f10x_adc.o(.text)
    ADC_Cmd                                  0x08001ef3   Thumb Code    22  stm32f10x_adc.o(.text)
    ADC_DMACmd                               0x08001f09   Thumb Code    22  stm32f10x_adc.o(.text)
    ADC_ITConfig                             0x08001f1f   Thumb Code    24  stm32f10x_adc.o(.text)
    ADC_ResetCalibration                     0x08001f37   Thumb Code    10  stm32f10x_adc.o(.text)
    ADC_GetResetCalibrationStatus            0x08001f41   Thumb Code    20  stm32f10x_adc.o(.text)
    ADC_StartCalibration                     0x08001f55   Thumb Code    10  stm32f10x_adc.o(.text)
    ADC_GetCalibrationStatus                 0x08001f5f   Thumb Code    20  stm32f10x_adc.o(.text)
    ADC_SoftwareStartConvCmd                 0x08001f73   Thumb Code    22  stm32f10x_adc.o(.text)
    ADC_GetSoftwareStartConvStatus           0x08001f89   Thumb Code    20  stm32f10x_adc.o(.text)
    ADC_DiscModeChannelCountConfig           0x08001f9d   Thumb Code    24  stm32f10x_adc.o(.text)
    ADC_DiscModeCmd                          0x08001fb5   Thumb Code    22  stm32f10x_adc.o(.text)
    ADC_RegularChannelConfig                 0x08001fcb   Thumb Code   184  stm32f10x_adc.o(.text)
    ADC_ExternalTrigConvCmd                  0x08002083   Thumb Code    22  stm32f10x_adc.o(.text)
    ADC_GetConversionValue                   0x08002099   Thumb Code     8  stm32f10x_adc.o(.text)
    ADC_GetDualModeConversionValue           0x080020a1   Thumb Code     8  stm32f10x_adc.o(.text)
    ADC_AutoInjectedConvCmd                  0x080020a9   Thumb Code    22  stm32f10x_adc.o(.text)
    ADC_InjectedDiscModeCmd                  0x080020bf   Thumb Code    22  stm32f10x_adc.o(.text)
    ADC_ExternalTrigInjectedConvConfig       0x080020d5   Thumb Code    16  stm32f10x_adc.o(.text)
    ADC_ExternalTrigInjectedConvCmd          0x080020e5   Thumb Code    22  stm32f10x_adc.o(.text)
    ADC_SoftwareStartInjectedConvCmd         0x080020fb   Thumb Code    22  stm32f10x_adc.o(.text)
    ADC_GetSoftwareStartInjectedConvCmdStatus 0x08002111   Thumb Code    20  stm32f10x_adc.o(.text)
    ADC_InjectedChannelConfig                0x08002125   Thumb Code   130  stm32f10x_adc.o(.text)
    ADC_InjectedSequencerLengthConfig        0x080021a7   Thumb Code    24  stm32f10x_adc.o(.text)
    ADC_SetInjectedOffset                    0x080021bf   Thumb Code    20  stm32f10x_adc.o(.text)
    ADC_GetInjectedConversionValue           0x080021d3   Thumb Code    28  stm32f10x_adc.o(.text)
    ADC_AnalogWatchdogCmd                    0x080021ef   Thumb Code    16  stm32f10x_adc.o(.text)
    ADC_AnalogWatchdogThresholdsConfig       0x080021ff   Thumb Code     6  stm32f10x_adc.o(.text)
    ADC_AnalogWatchdogSingleChannelConfig    0x08002205   Thumb Code    16  stm32f10x_adc.o(.text)
    ADC_TempSensorVrefintCmd                 0x08002215   Thumb Code    64  stm32f10x_adc.o(.text)
    ADC_GetFlagStatus                        0x08002255   Thumb Code    18  stm32f10x_adc.o(.text)
    ADC_ClearFlag                            0x08002267   Thumb Code     6  stm32f10x_adc.o(.text)
    ADC_GetITStatus                          0x0800226d   Thumb Code    36  stm32f10x_adc.o(.text)
    ADC_ClearITPendingBit                    0x08002291   Thumb Code    10  stm32f10x_adc.o(.text)
    _sys_exit                                0x0800229d   Thumb Code     6  usart.o(.text)
    fputc                                    0x080022a3   Thumb Code    32  usart.o(.text)
    USART3_printf                            0x080022c3   Thumb Code    80  usart.o(.text)
    delay_init                               0x0800231d   Thumb Code    48  delay.o(.text)
    delay_us                                 0x0800234d   Thumb Code    70  delay.o(.text)
    delay_ms                                 0x08002393   Thumb Code    70  delay.o(.text)
    system_init                              0x0800288d   Thumb Code    16  config.o(.text)
    buffer_clear                             0x080028a1   Thumb Code    22  main.o(.text)
    control_device                           0x080028b7   Thumb Code   198  main.o(.text)
    ADXL345_Printf                           0x0800297d   Thumb Code    72  main.o(.text)
    Joystick_Printf                          0x080029c5   Thumb Code    84  main.o(.text)
    ADC_Printf                               0x08002a19   Thumb Code   126  main.o(.text)
    TEMP_Printf                              0x08002a97   Thumb Code    46  main.o(.text)
    RTC_Printf                               0x08002ac5   Thumb Code    44  main.o(.text)
    main                                     0x08002af1   Thumb Code   326  main.o(.text)
    fifo_init                                0x08002dd9   Thumb Code    20  fifo.o(.text)
    fifo_in                                  0x08002ded   Thumb Code    70  fifo.o(.text)
    fifo_out                                 0x08002e33   Thumb Code    56  fifo.o(.text)
    fifo_size                                0x08002e6b   Thumb Code    38  fifo.o(.text)
    fifo_freesize                            0x08002e91   Thumb Code    14  fifo.o(.text)
    TIM3_Int_Init                            0x08002ea9   Thumb Code    90  timer.o(.text)
    TIM3_IRQHandler                          0x08002f03   Thumb Code    92  timer.o(.text)
    NMI_Handler                              0x08002f81   Thumb Code     2  stm32f10x_it.o(.text)
    HardFault_Handler                        0x08002f83   Thumb Code     4  stm32f10x_it.o(.text)
    MemManage_Handler                        0x08002f87   Thumb Code     4  stm32f10x_it.o(.text)
    BusFault_Handler                         0x08002f8b   Thumb Code     4  stm32f10x_it.o(.text)
    UsageFault_Handler                       0x08002f8f   Thumb Code     4  stm32f10x_it.o(.text)
    SVC_Handler                              0x08002f93   Thumb Code     2  stm32f10x_it.o(.text)
    DebugMon_Handler                         0x08002f95   Thumb Code     2  stm32f10x_it.o(.text)
    PendSV_Handler                           0x08002f97   Thumb Code     2  stm32f10x_it.o(.text)
    SysTick_Handler                          0x08002f99   Thumb Code     2  stm32f10x_it.o(.text)
    USART2_IRQHandler                        0x08002f9b   Thumb Code    30  stm32f10x_it.o(.text)
    USART3_IRQHandler                        0x08002fb9   Thumb Code    32  stm32f10x_it.o(.text)
    get_json                                 0x08002fe5   Thumb Code    68  json.o(.text)
    parse_json                               0x08003029   Thumb Code   156  json.o(.text)
    printf_json                              0x080030c5   Thumb Code    18  json.o(.text)
    parse_rgb                                0x080030d7   Thumb Code   138  json.o(.text)
    HexToInt                                 0x08003161   Thumb Code    56  json.o(.text)
    exec_rgb                                 0x08003199   Thumb Code    30  json.o(.text)
    RGB_LED_Init                             0x080032c1   Thumb Code    60  rgb_led.o(.text)
    LED_RGB_Control                          0x080032fd   Thumb Code    34  rgb_led.o(.text)
    Buzzer_Init                              0x08003329   Thumb Code    14  buzzer.o(.text)
    Buzzer_Control                           0x08003337   Thumb Code    30  buzzer.o(.text)
    adc_get_value                            0x08003359   Thumb Code    56  adc.o(.text)
    adc_get_average                          0x08003391   Thumb Code    50  adc.o(.text)
    I2C_GPIOInit                             0x080033c5   Thumb Code    60  io_iic.o(.text)
    I2Cx_Init                                0x08003401   Thumb Code     8  io_iic.o(.text)
    I2C_SDAMode                              0x08003409   Thumb Code    50  io_iic.o(.text)
    I2C_Start                                0x0800343b   Thumb Code    78  io_iic.o(.text)
    I2C_Stop                                 0x08003489   Thumb Code    66  io_iic.o(.text)
    I2C_WaiteForAck                          0x080034cb   Thumb Code   100  io_iic.o(.text)
    I2C_Ack                                  0x0800352f   Thumb Code    68  io_iic.o(.text)
    I2C_NAck                                 0x08003573   Thumb Code    66  io_iic.o(.text)
    I2C_WriteByte                            0x080035b5   Thumb Code    98  io_iic.o(.text)
    I2C_WriteOneByte                         0x08003617   Thumb Code    48  io_iic.o(.text)
    I2C_ReadByte                             0x08003647   Thumb Code   100  io_iic.o(.text)
    I2C_ReadOneByte                          0x080036ab   Thumb Code    64  io_iic.o(.text)
    I2C_WriteOneBit                          0x080036eb   Thumb Code    58  io_iic.o(.text)
    I2C_WriteBits                            0x08003725   Thumb Code    88  io_iic.o(.text)
    I2C_WriteBuff                            0x0800377d   Thumb Code    80  io_iic.o(.text)
    I2C_ReadBuff                             0x080037cd   Thumb Code   106  io_iic.o(.text)
    LM75b_Init                               0x08003839   Thumb Code     8  lm75b.o(.text)
    getTempReg                               0x0800387b   Thumb Code    10  lm75b.o(.text)
    getTemp                                  0x08003885   Thumb Code    34  lm75b.o(.text)
    getTHystReg                              0x080038a7   Thumb Code    10  lm75b.o(.text)
    getTosReg                                0x080038b1   Thumb Code    10  lm75b.o(.text)
    getConfReg                               0x080038bb   Thumb Code    10  lm75b.o(.text)
    DS3231_Set_Addr                          0x080038cd   Thumb Code    28  ds3231.o(.text)
    DS3231_Set_Creg                          0x080038e9   Thumb Code    14  ds3231.o(.text)
    DS3231_Init                              0x080038f7   Thumb Code    12  ds3231.o(.text)
    DS3231_Get                               0x0800392b   Thumb Code   156  ds3231.o(.text)
    DS3231_Set                               0x080039df   Thumb Code   188  ds3231.o(.text)
    ADXL345_Set_POWER_CTL                    0x08003a9d   Thumb Code    16  adxl345.o(.text)
    ADXL345_Set_DATA_FORMAT                  0x08003aad   Thumb Code    16  adxl345.o(.text)
    ADXL345_Init                             0x08003abd   Thumb Code    56  adxl345.o(.text)
    ADXL345_Get_DEVID                        0x08003af5   Thumb Code    12  adxl345.o(.text)
    ADXL345_Get_BW_RATE                      0x08003b01   Thumb Code    12  adxl345.o(.text)
    ADXL345_Get_POWER_CTL                    0x08003b0d   Thumb Code    12  adxl345.o(.text)
    ADXL345_Get_DATA_FORMAT                  0x08003b19   Thumb Code    12  adxl345.o(.text)
    ADXL345_Get_Output                       0x08003b25   Thumb Code    66  adxl345.o(.text)
    ADXL345_Data_Process                     0x08003b67   Thumb Code    70  adxl345.o(.text)
    Joystick_Scan                            0x08003bc1   Thumb Code   222  joystick.o(.text)
    ssd1306_display_on                       0x08003ced   Thumb Code    28  ssd1306.o(.text)
    ssd1306_display_off                      0x08003d09   Thumb Code    28  ssd1306.o(.text)
    ssd1306_refresh_gram                     0x08003d25   Thumb Code    74  ssd1306.o(.text)
    ssd1306_clear_screen                     0x08003d6f   Thumb Code    74  ssd1306.o(.text)
    ssd1306_draw_point                       0x08003db9   Thumb Code   100  ssd1306.o(.text)
    ssd1306_fill_screen                      0x08003e1d   Thumb Code    58  ssd1306.o(.text)
    ssd1306_display_char                     0x08003e57   Thumb Code   198  ssd1306.o(.text)
    ssd1306_display_num                      0x08003f33   Thumb Code   148  ssd1306.o(.text)
    ssd1306_display_string                   0x08003fc7   Thumb Code    96  ssd1306.o(.text)
    ssd1306_draw_1616char                    0x08004027   Thumb Code   112  ssd1306.o(.text)
    ssd1306_draw_3216char                    0x08004097   Thumb Code   112  ssd1306.o(.text)
    ssd1306_draw_bitmap                      0x08004107   Thumb Code   120  ssd1306.o(.text)
    ssd1306_init                             0x0800417f   Thumb Code   288  ssd1306.o(.text)
    __use_no_semihosting                     0x080042ad   Thumb Code     2  use_no_semi_2.o(.text)
    __c89vsnprintf                           0x080042b1   Thumb Code    48  c89vsnprintf.o(.text)
    __2printf                                0x080042e5   Thumb Code    20  __2printf.o(.text)
    _printf_pre_padding                      0x080042fd   Thumb Code    46  _printf_pad.o(.text)
    _printf_post_padding                     0x0800432b   Thumb Code    36  _printf_pad.o(.text)
    _printf_str                              0x0800434f   Thumb Code    82  _printf_str.o(.text)
    _printf_int_dec                          0x080043a1   Thumb Code   102  _printf_dec.o(.text)
    __printf                                 0x08004419   Thumb Code   390  __printf_flags_ss_wp.o(.text)
    atoi                                     0x080045a5   Thumb Code    26  atoi.o(.text)
    strchr                                   0x080045bf   Thumb Code    20  strchr.o(.text)
    strrchr                                  0x080045d3   Thumb Code    22  strrchr.o(.text)
    strlen                                   0x080045e9   Thumb Code    62  strlen.o(.text)
    strncpy                                  0x08004627   Thumb Code    86  strncpy.o(.text)
    strcmp                                   0x0800467d   Thumb Code   128  strcmpv7m.o(.text)
    __use_two_region_memory                  0x080046fd   Thumb Code     2  heapauxi.o(.text)
    __rt_heap_escrow$2region                 0x080046ff   Thumb Code     2  heapauxi.o(.text)
    __rt_heap_expand$2region                 0x08004701   Thumb Code     2  heapauxi.o(.text)
    __I$use$semihosting                      0x08004703   Thumb Code     0  use_no_semi.o(.text)
    __use_no_semihosting_swi                 0x08004703   Thumb Code     2  use_no_semi.o(.text)
    __aeabi_errno_addr                       0x08004705   Thumb Code     8  rt_errno_addr_intlibspace.o(.text)
    __errno$intlibspace                      0x08004705   Thumb Code     0  rt_errno_addr_intlibspace.o(.text)
    __rt_errno_addr$intlibspace              0x08004705   Thumb Code     0  rt_errno_addr_intlibspace.o(.text)
    _printf_truncate_signed                  0x0800470d   Thumb Code    18  _printf_truncate.o(.text)
    _printf_truncate_unsigned                0x0800471f   Thumb Code    18  _printf_truncate.o(.text)
    _printf_int_common                       0x08004731   Thumb Code   184  _printf_intcommon.o(.text)
    _printf_charcount                        0x080047e9   Thumb Code    42  _printf_charcount.o(.text)
    __lib_sel_fp_printf                      0x08004813   Thumb Code     2  _printf_fp_dec.o(.text)
    _printf_fp_dec_real                      0x080049bf   Thumb Code   628  _printf_fp_dec.o(.text)
    _printf_char_common                      0x08004c3f   Thumb Code    32  _printf_char_common.o(.text)
    _sputc                                   0x08004c65   Thumb Code    10  _sputc.o(.text)
    _snputc                                  0x08004c6f   Thumb Code    16  _snputc.o(.text)
    _printf_cs_common                        0x08004c7f   Thumb Code    20  _printf_char.o(.text)
    _printf_char                             0x08004c93   Thumb Code    16  _printf_char.o(.text)
    _printf_string                           0x08004ca3   Thumb Code     8  _printf_char.o(.text)
    _printf_char_file                        0x08004cad   Thumb Code    32  _printf_char_file.o(.text)
    _printf_wctomb                           0x08004cd1   Thumb Code   182  _printf_wctomb.o(.text)
    _printf_longlong_dec                     0x08004d8d   Thumb Code   104  _printf_longlong_dec.o(.text)
    _printf_longlong_oct                     0x08004e05   Thumb Code    76  _printf_oct_int_ll.o(.text)
    _printf_int_oct                          0x08004e51   Thumb Code    24  _printf_oct_int_ll.o(.text)
    _printf_ll_oct                           0x08004e69   Thumb Code    12  _printf_oct_int_ll.o(.text)
    _printf_longlong_hex                     0x08004e7d   Thumb Code    92  _printf_hex_int_ll_ptr.o(.text)
    _printf_int_hex                          0x08004ed9   Thumb Code    28  _printf_hex_int_ll_ptr.o(.text)
    _printf_ll_hex                           0x08004ef5   Thumb Code    12  _printf_hex_int_ll_ptr.o(.text)
    _printf_hex_ptr                          0x08004f01   Thumb Code    18  _printf_hex_int_ll_ptr.o(.text)
    strtol                                   0x08004f19   Thumb Code   112  strtol.o(.text)
    __aeabi_memclr                           0x08004f89   Thumb Code     0  rt_memclr.o(.text)
    __rt_memclr                              0x08004f89   Thumb Code    68  rt_memclr.o(.text)
    _memset                                  0x08004f8d   Thumb Code     0  rt_memclr.o(.text)
    __user_libspace                          0x08004fcd   Thumb Code     8  libspace.o(.text)
    __user_perproc_libspace                  0x08004fcd   Thumb Code     0  libspace.o(.text)
    __user_perthread_libspace                0x08004fcd   Thumb Code     0  libspace.o(.text)
    __rt_ctype_table                         0x08004fd5   Thumb Code    16  rt_ctype_table.o(.text)
    __rt_locale                              0x08004fe5   Thumb Code     8  rt_locale_intlibspace.o(.text)
    _ll_udiv10                               0x08004fed   Thumb Code   138  lludiv10.o(.text)
    _printf_fp_infnan                        0x08005079   Thumb Code   112  _printf_fp_infnan.o(.text)
    _printf_lcs_common                       0x080050f9   Thumb Code    20  _printf_wchar.o(.text)
    _printf_wchar                            0x0800510d   Thumb Code    16  _printf_wchar.o(.text)
    _printf_wstring                          0x0800511d   Thumb Code     8  _printf_wchar.o(.text)
    _strtoul                                 0x08005125   Thumb Code   158  _strtoul.o(.text)
    _btod_etento                             0x080051c5   Thumb Code   222  bigflt0.o(.text)
    ferror                                   0x080052a9   Thumb Code     8  ferror.o(.text)
    _wcrtomb                                 0x080052b1   Thumb Code    64  _wcrtomb.o(.text)
    __aeabi_memclr4                          0x080052f1   Thumb Code     0  rt_memclr_w.o(.text)
    __aeabi_memclr8                          0x080052f1   Thumb Code     0  rt_memclr_w.o(.text)
    __rt_memclr_w                            0x080052f1   Thumb Code    78  rt_memclr_w.o(.text)
    _memset_w                                0x080052f5   Thumb Code     0  rt_memclr_w.o(.text)
    __user_setup_stackheap                   0x0800533f   Thumb Code    74  sys_stackheap_outer.o(.text)
    _chval                                   0x08005389   Thumb Code    28  _chval.o(.text)
    exit                                     0x080053a5   Thumb Code    12  exit.o(.text)
    _btod_d2e                                0x080053b1   Thumb Code    62  btod.o(CL$$btod_d2e)
    _d2e_denorm_low                          0x080053ef   Thumb Code    70  btod.o(CL$$btod_d2e_denorm_low)
    _d2e_norm_op1                            0x08005435   Thumb Code    96  btod.o(CL$$btod_d2e_norm_op1)
    __btod_div_common                        0x08005495   Thumb Code   696  btod.o(CL$$btod_div_common)
    _e2e                                     0x080057cd   Thumb Code   198  btod.o(CL$$btod_e2e)
    _btod_ediv                               0x08005893   Thumb Code    40  btod.o(CL$$btod_ediv)
    _btod_emul                               0x080058bb   Thumb Code    40  btod.o(CL$$btod_emul)
    __btod_mult_common                       0x080058e3   Thumb Code   580  btod.o(CL$$btod_mult_common)
    __ARM_fpclassify                         0x08005b27   Thumb Code    40  fpclassify.o(i.__ARM_fpclassify)
    _is_digit                                0x08005b4f   Thumb Code    14  __printf_wp.o(i._is_digit)
    _get_lc_numeric                          0x08005b5d   Thumb Code    44  lc_numeric_c.o(locale$$code)
    _get_lc_ctype                            0x08005b89   Thumb Code    44  lc_ctype_c.o(locale$$code)
    __aeabi_d2f                              0x08005bb5   Thumb Code     0  d2f.o(x$fpl$d2f)
    _d2f                                     0x08005bb5   Thumb Code    98  d2f.o(x$fpl$d2f)
    __aeabi_ddiv                             0x08005c19   Thumb Code     0  ddiv.o(x$fpl$ddiv)
    _ddiv                                    0x08005c19   Thumb Code   552  ddiv.o(x$fpl$ddiv)
    __aeabi_i2d                              0x08005ec9   Thumb Code     0  dflt_clz.o(x$fpl$dflt)
    _dflt                                    0x08005ec9   Thumb Code    46  dflt_clz.o(x$fpl$dflt)
    __aeabi_ui2d                             0x08005ef7   Thumb Code     0  dflt_clz.o(x$fpl$dfltu)
    _dfltu                                   0x08005ef7   Thumb Code    38  dflt_clz.o(x$fpl$dfltu)
    __aeabi_dmul                             0x08005f1d   Thumb Code     0  dmul.o(x$fpl$dmul)
    _dmul                                    0x08005f1d   Thumb Code   332  dmul.o(x$fpl$dmul)
    __fpl_dnaninf                            0x08006071   Thumb Code   156  dnaninf.o(x$fpl$dnaninf)
    __fpl_dretinf                            0x0800610d   Thumb Code    12  dretinf.o(x$fpl$dretinf)
    __aeabi_f2d                              0x08006119   Thumb Code     0  f2d.o(x$fpl$f2d)
    _f2d                                     0x08006119   Thumb Code    86  f2d.o(x$fpl$f2d)
    __fpl_fcmp_Inf                           0x0800616f   Thumb Code    24  fcmpi.o(x$fpl$fcmpinf)
    __aeabi_fdiv                             0x08006189   Thumb Code     0  fdiv.o(x$fpl$fdiv)
    _fdiv                                    0x08006189   Thumb Code   384  fdiv.o(x$fpl$fdiv)
    __aeabi_cfcmpeq                          0x0800630d   Thumb Code     0  feqf.o(x$fpl$feqf)
    _fcmpeq                                  0x0800630d   Thumb Code   104  feqf.o(x$fpl$feqf)
    __aeabi_ui2f                             0x08006375   Thumb Code     0  fflt_clz.o(x$fpl$ffltu)
    _ffltu                                   0x08006375   Thumb Code    38  fflt_clz.o(x$fpl$ffltu)
    __fpl_fnaninf                            0x0800639b   Thumb Code   140  fnaninf.o(x$fpl$fnaninf)
    __fpl_fretinf                            0x08006427   Thumb Code    10  fretinf.o(x$fpl$fretinf)
    _printf_fp_dec                           0x08006431   Thumb Code     4  printf1.o(x$fpl$printf1)
    __I$use$fp                               0x08006434   Number         0  usenofp.o(x$fpl$usenofp)
    c_chFont1206                             0x08006434   Data        1140  fonts.o(.constdata)
    c_chFont1608                             0x080068a8   Data        1520  fonts.o(.constdata)
    c_chFont1612                             0x08006e98   Data         352  fonts.o(.constdata)
    c_chFont3216                             0x08006ff8   Data         704  fonts.o(.constdata)
    c_chBmp4016                              0x080072b8   Data          96  fonts.o(.constdata)
    c_chSingal816                            0x08007318   Data          16  fonts.o(.constdata)
    c_chMsg816                               0x08007328   Data          16  fonts.o(.constdata)
    c_chBat816                               0x08007338   Data          16  fonts.o(.constdata)
    c_chBluetooth88                          0x08007348   Data           8  fonts.o(.constdata)
    c_chGPRS88                               0x08007350   Data           8  fonts.o(.constdata)
    c_chAlarm88                              0x08007358   Data           8  fonts.o(.constdata)
    gImage_Maker_Faire                       0x08007360   Data        1024  fonts.o(.constdata)
    Region$$Table$$Base                      0x08007838   Number         0  anon$$obj.o(Region$$Table)
    Region$$Table$$Limit                     0x08007858   Number         0  anon$$obj.o(Region$$Table)
    __ctype                                  0x08007881   Data           0  lc_ctype_c.o(locale$$data)
    SystemCoreClock                          0x20000000   Data           4  system_stm32f10x.o(.data)
    AHBPrescTable                            0x20000004   Data          16  system_stm32f10x.o(.data)
    __stdout                                 0x20000028   Data           4  usart.o(.data)
    u8_buffer_index                          0x20000030   Data           1  main.o(.data)
    USART2_Count                             0x2000003c   Data           4  timer.o(.data)
    USART3_Count                             0x20000040   Data           4  timer.o(.data)
    ADC_Count                                0x20000044   Data           4  timer.o(.data)
    TEMP_Count                               0x20000048   Data           4  timer.o(.data)
    RTC_Count                                0x2000004c   Data           4  timer.o(.data)
    ACC_Count                                0x20000050   Data           4  timer.o(.data)
    JOY_Count                                0x20000054   Data           4  timer.o(.data)
    ADXL345_Offset                           0x2000005c   Data           6  adxl345.o(.data)
    resultString                             0x20000064   Data          50  main.o(.bss)
    u8_buffer                                0x200000a2   Data          50  main.o(.bss)
    jsonPair                                 0x200000d4   Data         208  main.o(.bss)
    __libspace_start                         0x200015b0   Data          96  libspace.o(.bss)
    __temporary_stack_top$libspace           0x20001610   Data           0  libspace.o(.bss)



==============================================================================

Memory Map of the image

  Image Entry point : 0x080000ed

  Load Region LR_IROM1 (Base: 0x08000000, Size: 0x000079e8, Max: 0x00020000, ABSOLUTE)

    Execution Region ER_IROM1 (Base: 0x08000000, Size: 0x00007984, Max: 0x00020000, ABSOLUTE)

    Base Addr    Size         Type   Attr      Idx    E Section Name        Object

    0x08000000   0x000000ec   Data   RO           80    RESET               startup_stm32f10x_md.o
    0x080000ec   0x00000008   Code   RO          604  * !!!main             c_w.l(__main.o)
    0x080000f4   0x00000034   Code   RO          938    !!!scatter          c_w.l(__scatter.o)
    0x08000128   0x0000001a   Code   RO          940    !!handler_copy      c_w.l(__scatter_copy.o)
    0x08000142   0x00000002   PAD
    0x08000144   0x0000001c   Code   RO          942    !!handler_zi        c_w.l(__scatter_zi.o)
    0x08000160   0x00000000   Code   RO          589    .ARM.Collect$$_printf_percent$$00000000  c_w.l(_printf_percent.o)
    0x08000160   0x00000006   Code   RO          695    .ARM.Collect$$_printf_percent$$00000001  c_w.l(_printf_n.o)
    0x08000166   0x00000006   Code   RO          697    .ARM.Collect$$_printf_percent$$00000002  c_w.l(_printf_p.o)
    0x0800016c   0x00000006   Code   RO          588    .ARM.Collect$$_printf_percent$$00000003  c_w.l(_printf_f.o)
    0x08000172   0x00000006   Code   RO          701    .ARM.Collect$$_printf_percent$$00000004  c_w.l(_printf_e.o)
    0x08000178   0x00000006   Code   RO          702    .ARM.Collect$$_printf_percent$$00000005  c_w.l(_printf_g.o)
    0x0800017e   0x00000006   Code   RO          703    .ARM.Collect$$_printf_percent$$00000006  c_w.l(_printf_a.o)
    0x08000184   0x0000000a   Code   RO          708    .ARM.Collect$$_printf_percent$$00000007  c_w.l(_printf_ll.o)
    0x0800018e   0x00000006   Code   RO          699    .ARM.Collect$$_printf_percent$$00000008  c_w.l(_printf_i.o)
    0x08000194   0x00000006   Code   RO          587    .ARM.Collect$$_printf_percent$$00000009  c_w.l(_printf_d.o)
    0x0800019a   0x00000006   Code   RO          700    .ARM.Collect$$_printf_percent$$0000000A  c_w.l(_printf_u.o)
    0x080001a0   0x00000006   Code   RO          698    .ARM.Collect$$_printf_percent$$0000000B  c_w.l(_printf_o.o)
    0x080001a6   0x00000006   Code   RO          696    .ARM.Collect$$_printf_percent$$0000000C  c_w.l(_printf_x.o)
    0x080001ac   0x00000006   Code   RO          705    .ARM.Collect$$_printf_percent$$0000000D  c_w.l(_printf_lli.o)
    0x080001b2   0x00000006   Code   RO          706    .ARM.Collect$$_printf_percent$$0000000E  c_w.l(_printf_lld.o)
    0x080001b8   0x00000006   Code   RO          707    .ARM.Collect$$_printf_percent$$0000000F  c_w.l(_printf_llu.o)
    0x080001be   0x00000006   Code   RO          712    .ARM.Collect$$_printf_percent$$00000010  c_w.l(_printf_llo.o)
    0x080001c4   0x00000006   Code   RO          713    .ARM.Collect$$_printf_percent$$00000011  c_w.l(_printf_llx.o)
    0x080001ca   0x0000000a   Code   RO          709    .ARM.Collect$$_printf_percent$$00000012  c_w.l(_printf_l.o)
    0x080001d4   0x00000006   Code   RO          586    .ARM.Collect$$_printf_percent$$00000013  c_w.l(_printf_c.o)
    0x080001da   0x00000006   Code   RO          694    .ARM.Collect$$_printf_percent$$00000014  c_w.l(_printf_s.o)
    0x080001e0   0x00000006   Code   RO          710    .ARM.Collect$$_printf_percent$$00000015  c_w.l(_printf_lc.o)
    0x080001e6   0x00000006   Code   RO          711    .ARM.Collect$$_printf_percent$$00000016  c_w.l(_printf_ls.o)
    0x080001ec   0x00000004   Code   RO          704    .ARM.Collect$$_printf_percent$$00000017  c_w.l(_printf_percent_end.o)
    0x080001f0   0x00000002   Code   RO          818    .ARM.Collect$$libinit$$00000000  c_w.l(libinit.o)
    0x080001f2   0x00000000   Code   RO          820    .ARM.Collect$$libinit$$00000002  c_w.l(libinit2.o)
    0x080001f2   0x00000000   Code   RO          823    .ARM.Collect$$libinit$$00000008  c_w.l(libinit2.o)
    0x080001f2   0x00000000   Code   RO          825    .ARM.Collect$$libinit$$0000000A  c_w.l(libinit2.o)
    0x080001f2   0x00000000   Code   RO          827    .ARM.Collect$$libinit$$0000000C  c_w.l(libinit2.o)
    0x080001f2   0x00000006   Code   RO          828    .ARM.Collect$$libinit$$0000000D  c_w.l(libinit2.o)
    0x080001f8   0x00000000   Code   RO          830    .ARM.Collect$$libinit$$0000000F  c_w.l(libinit2.o)
    0x080001f8   0x0000000c   Code   RO          831    .ARM.Collect$$libinit$$00000010  c_w.l(libinit2.o)
    0x08000204   0x00000000   Code   RO          832    .ARM.Collect$$libinit$$00000011  c_w.l(libinit2.o)
    0x08000204   0x00000000   Code   RO          834    .ARM.Collect$$libinit$$00000013  c_w.l(libinit2.o)
    0x08000204   0x0000000a   Code   RO          835    .ARM.Collect$$libinit$$00000014  c_w.l(libinit2.o)
    0x0800020e   0x00000000   Code   RO          836    .ARM.Collect$$libinit$$00000015  c_w.l(libinit2.o)
    0x0800020e   0x00000000   Code   RO          838    .ARM.Collect$$libinit$$00000017  c_w.l(libinit2.o)
    0x0800020e   0x00000000   Code   RO          840    .ARM.Collect$$libinit$$00000019  c_w.l(libinit2.o)
    0x0800020e   0x00000000   Code   RO          842    .ARM.Collect$$libinit$$0000001B  c_w.l(libinit2.o)
    0x0800020e   0x00000000   Code   RO          844    .ARM.Collect$$libinit$$0000001D  c_w.l(libinit2.o)
    0x0800020e   0x00000000   Code   RO          846    .ARM.Collect$$libinit$$0000001F  c_w.l(libinit2.o)
    0x0800020e   0x00000000   Code   RO          848    .ARM.Collect$$libinit$$00000021  c_w.l(libinit2.o)
    0x0800020e   0x00000000   Code   RO          850    .ARM.Collect$$libinit$$00000023  c_w.l(libinit2.o)
    0x0800020e   0x00000000   Code   RO          854    .ARM.Collect$$libinit$$0000002A  c_w.l(libinit2.o)
    0x0800020e   0x00000000   Code   RO          856    .ARM.Collect$$libinit$$0000002C  c_w.l(libinit2.o)
    0x0800020e   0x00000000   Code   RO          858    .ARM.Collect$$libinit$$0000002E  c_w.l(libinit2.o)
    0x0800020e   0x00000000   Code   RO          860    .ARM.Collect$$libinit$$00000030  c_w.l(libinit2.o)
    0x0800020e   0x00000002   Code   RO          861    .ARM.Collect$$libinit$$00000031  c_w.l(libinit2.o)
    0x08000210   0x00000002   Code   RO          889    .ARM.Collect$$libshutdown$$00000000  c_w.l(libshutdown.o)
    0x08000212   0x00000000   Code   RO          899    .ARM.Collect$$libshutdown$$00000003  c_w.l(libshutdown2.o)
    0x08000212   0x00000000   Code   RO          902    .ARM.Collect$$libshutdown$$00000006  c_w.l(libshutdown2.o)
    0x08000212   0x00000000   Code   RO          905    .ARM.Collect$$libshutdown$$00000009  c_w.l(libshutdown2.o)
    0x08000212   0x00000000   Code   RO          907    .ARM.Collect$$libshutdown$$0000000B  c_w.l(libshutdown2.o)
    0x08000212   0x00000000   Code   RO          910    .ARM.Collect$$libshutdown$$0000000E  c_w.l(libshutdown2.o)
    0x08000212   0x00000002   Code   RO          911    .ARM.Collect$$libshutdown$$0000000F  c_w.l(libshutdown2.o)
    0x08000214   0x00000000   Code   RO          638    .ARM.Collect$$rtentry$$00000000  c_w.l(rtentry.o)
    0x08000214   0x00000000   Code   RO          733    .ARM.Collect$$rtentry$$00000002  c_w.l(rtentry2.o)
    0x08000214   0x00000006   Code   RO          745    .ARM.Collect$$rtentry$$00000004  c_w.l(rtentry4.o)
    0x0800021a   0x00000000   Code   RO          735    .ARM.Collect$$rtentry$$00000009  c_w.l(rtentry2.o)
    0x0800021a   0x00000004   Code   RO          736    .ARM.Collect$$rtentry$$0000000A  c_w.l(rtentry2.o)
    0x0800021e   0x00000000   Code   RO          738    .ARM.Collect$$rtentry$$0000000C  c_w.l(rtentry2.o)
    0x0800021e   0x00000008   Code   RO          739    .ARM.Collect$$rtentry$$0000000D  c_w.l(rtentry2.o)
    0x08000226   0x00000002   Code   RO          862    .ARM.Collect$$rtexit$$00000000  c_w.l(rtexit.o)
    0x08000228   0x00000000   Code   RO          869    .ARM.Collect$$rtexit$$00000002  c_w.l(rtexit2.o)
    0x08000228   0x00000004   Code   RO          870    .ARM.Collect$$rtexit$$00000003  c_w.l(rtexit2.o)
    0x0800022c   0x00000006   Code   RO          871    .ARM.Collect$$rtexit$$00000004  c_w.l(rtexit2.o)
    0x08000232   0x00000002   PAD
    0x08000234   0x000001dc   Code   RO           17    .text               system_stm32f10x.o
    0x08000410   0x00000040   Code   RO           81    .text               startup_stm32f10x_md.o
    0x08000450   0x000000dc   Code   RO           85    .text               misc.o
    0x0800052c   0x00000358   Code   RO          101    .text               stm32f10x_gpio.o
    0x08000884   0x000003a4   Code   RO          113    .text               stm32f10x_rcc.o
    0x08000c28   0x00000408   Code   RO          127    .text               stm32f10x_usart.o
    0x08001030   0x00000e1a   Code   RO          139    .text               stm32f10x_tim.o
    0x08001e4a   0x00000002   PAD
    0x08001e4c   0x0000044e   Code   RO          151    .text               stm32f10x_adc.o
    0x0800229a   0x00000002   PAD
    0x0800229c   0x00000080   Code   RO          175    .text               usart.o
    0x0800231c   0x000000c8   Code   RO          308    .text               delay.o
    0x080023e4   0x000004bc   Code   RO          326    .text               config.o
    0x080028a0   0x00000538   Code   RO          338    .text               main.o
    0x08002dd8   0x000000d0   Code   RO          355    .text               fifo.o
    0x08002ea8   0x000000d8   Code   RO          369    .text               timer.o
    0x08002f80   0x00000064   Code   RO          390    .text               stm32f10x_it.o
    0x08002fe4   0x000001f0   Code   RO          405    .text               json.o
    0x080031d4   0x00000154   Code   RO          420    .text               rgb_led.o
    0x08003328   0x00000030   Code   RO          432    .text               buzzer.o
    0x08003358   0x0000006a   Code   RO          444    .text               adc.o
    0x080033c2   0x00000002   PAD
    0x080033c4   0x00000472   Code   RO          456    .text               io_iic.o
    0x08003836   0x00000002   PAD
    0x08003838   0x00000094   Code   RO          468    .text               lm75b.o
    0x080038cc   0x000001ce   Code   RO          482    .text               ds3231.o
    0x08003a9a   0x00000002   PAD
    0x08003a9c   0x00000124   Code   RO          494    .text               adxl345.o
    0x08003bc0   0x000000f0   Code   RO          509    .text               joystick.o
    0x08003cb0   0x000005fc   Code   RO          522    .text               ssd1306.o
    0x080042ac   0x00000002   Code   RO          550    .text               c_w.l(use_no_semi_2.o)
    0x080042ae   0x00000002   PAD
    0x080042b0   0x00000034   Code   RO          552    .text               c_w.l(c89vsnprintf.o)
    0x080042e4   0x00000018   Code   RO          554    .text               c_w.l(__2printf.o)
    0x080042fc   0x00000052   Code   RO          560    .text               c_w.l(_printf_pad.o)
    0x0800434e   0x00000052   Code   RO          562    .text               c_w.l(_printf_str.o)
    0x080043a0   0x00000078   Code   RO          564    .text               c_w.l(_printf_dec.o)
    0x08004418   0x0000018c   Code   RO          583    .text               c_w.l(__printf_flags_ss_wp.o)
    0x080045a4   0x0000001a   Code   RO          590    .text               c_w.l(atoi.o)
    0x080045be   0x00000014   Code   RO          592    .text               c_w.l(strchr.o)
    0x080045d2   0x00000016   Code   RO          594    .text               c_w.l(strrchr.o)
    0x080045e8   0x0000003e   Code   RO          596    .text               c_w.l(strlen.o)
    0x08004626   0x00000056   Code   RO          598    .text               c_w.l(strncpy.o)
    0x0800467c   0x00000080   Code   RO          600    .text               c_w.l(strcmpv7m.o)
    0x080046fc   0x00000006   Code   RO          602    .text               c_w.l(heapauxi.o)
    0x08004702   0x00000002   Code   RO          636    .text               c_w.l(use_no_semi.o)
    0x08004704   0x00000008   Code   RO          642    .text               c_w.l(rt_errno_addr_intlibspace.o)
    0x0800470c   0x00000024   Code   RO          644    .text               c_w.l(_printf_truncate.o)
    0x08004730   0x000000b8   Code   RO          646    .text               c_w.l(_printf_intcommon.o)
    0x080047e8   0x0000002a   Code   RO          648    .text               c_w.l(_printf_charcount.o)
    0x08004812   0x00000420   Code   RO          650    .text               c_w.l(_printf_fp_dec.o)
    0x08004c32   0x00000002   PAD
    0x08004c34   0x00000030   Code   RO          652    .text               c_w.l(_printf_char_common.o)
    0x08004c64   0x0000000a   Code   RO          654    .text               c_w.l(_sputc.o)
    0x08004c6e   0x00000010   Code   RO          656    .text               c_w.l(_snputc.o)
    0x08004c7e   0x0000002c   Code   RO          658    .text               c_w.l(_printf_char.o)
    0x08004caa   0x00000002   PAD
    0x08004cac   0x00000024   Code   RO          660    .text               c_w.l(_printf_char_file.o)
    0x08004cd0   0x000000bc   Code   RO          662    .text               c_w.l(_printf_wctomb.o)
    0x08004d8c   0x00000078   Code   RO          665    .text               c_w.l(_printf_longlong_dec.o)
    0x08004e04   0x00000078   Code   RO          671    .text               c_w.l(_printf_oct_int_ll.o)
    0x08004e7c   0x0000009c   Code   RO          691    .text               c_w.l(_printf_hex_int_ll_ptr.o)
    0x08004f18   0x00000070   Code   RO          714    .text               c_w.l(strtol.o)
    0x08004f88   0x00000044   Code   RO          716    .text               c_w.l(rt_memclr.o)
    0x08004fcc   0x00000008   Code   RO          729    .text               c_w.l(libspace.o)
    0x08004fd4   0x00000010   Code   RO          747    .text               c_w.l(rt_ctype_table.o)
    0x08004fe4   0x00000008   Code   RO          752    .text               c_w.l(rt_locale_intlibspace.o)
    0x08004fec   0x0000008a   Code   RO          754    .text               c_w.l(lludiv10.o)
    0x08005076   0x00000002   PAD
    0x08005078   0x00000080   Code   RO          756    .text               c_w.l(_printf_fp_infnan.o)
    0x080050f8   0x0000002c   Code   RO          760    .text               c_w.l(_printf_wchar.o)
    0x08005124   0x0000009e   Code   RO          762    .text               c_w.l(_strtoul.o)
    0x080051c2   0x00000002   PAD
    0x080051c4   0x000000e4   Code   RO          764    .text               c_w.l(bigflt0.o)
    0x080052a8   0x00000008   Code   RO          789    .text               c_w.l(ferror.o)
    0x080052b0   0x00000040   Code   RO          793    .text               c_w.l(_wcrtomb.o)
    0x080052f0   0x0000004e   Code   RO          798    .text               c_w.l(rt_memclr_w.o)
    0x0800533e   0x0000004a   Code   RO          804    .text               c_w.l(sys_stackheap_outer.o)
    0x08005388   0x0000001c   Code   RO          806    .text               c_w.l(_chval.o)
    0x080053a4   0x0000000c   Code   RO          811    .text               c_w.l(exit.o)
    0x080053b0   0x0000003e   Code   RO          767    CL$$btod_d2e        c_w.l(btod.o)
    0x080053ee   0x00000046   Code   RO          769    CL$$btod_d2e_denorm_low  c_w.l(btod.o)
    0x08005434   0x00000060   Code   RO          768    CL$$btod_d2e_norm_op1  c_w.l(btod.o)
    0x08005494   0x00000338   Code   RO          777    CL$$btod_div_common  c_w.l(btod.o)
    0x080057cc   0x000000c6   Code   RO          774    CL$$btod_e2e        c_w.l(btod.o)
    0x08005892   0x00000028   Code   RO          771    CL$$btod_ediv       c_w.l(btod.o)
    0x080058ba   0x00000028   Code   RO          770    CL$$btod_emul       c_w.l(btod.o)
    0x080058e2   0x00000244   Code   RO          776    CL$$btod_mult_common  c_w.l(btod.o)
    0x08005b26   0x00000028   Code   RO          802    i.__ARM_fpclassify  m_ws.l(fpclassify.o)
    0x08005b4e   0x0000000e   Code   RO          576    i._is_digit         c_w.l(__printf_wp.o)
    0x08005b5c   0x0000002c   Code   RO          796    locale$$code        c_w.l(lc_numeric_c.o)
    0x08005b88   0x0000002c   Code   RO          809    locale$$code        c_w.l(lc_ctype_c.o)
    0x08005bb4   0x00000062   Code   RO          606    x$fpl$d2f           fz_ws.l(d2f.o)
    0x08005c16   0x00000002   PAD
    0x08005c18   0x000002b0   Code   RO          609    x$fpl$ddiv          fz_ws.l(ddiv.o)
    0x08005ec8   0x0000002e   Code   RO          613    x$fpl$dflt          fz_ws.l(dflt_clz.o)
    0x08005ef6   0x00000026   Code   RO          612    x$fpl$dfltu         fz_ws.l(dflt_clz.o)
    0x08005f1c   0x00000154   Code   RO          618    x$fpl$dmul          fz_ws.l(dmul.o)
    0x08006070   0x0000009c   Code   RO          718    x$fpl$dnaninf       fz_ws.l(dnaninf.o)
    0x0800610c   0x0000000c   Code   RO          720    x$fpl$dretinf       fz_ws.l(dretinf.o)
    0x08006118   0x00000056   Code   RO          620    x$fpl$f2d           fz_ws.l(f2d.o)
    0x0800616e   0x00000018   Code   RO          722    x$fpl$fcmpinf       fz_ws.l(fcmpi.o)
    0x08006186   0x00000002   PAD
    0x08006188   0x00000184   Code   RO          623    x$fpl$fdiv          fz_ws.l(fdiv.o)
    0x0800630c   0x00000068   Code   RO          626    x$fpl$feqf          fz_ws.l(feqf.o)
    0x08006374   0x00000026   Code   RO          628    x$fpl$ffltu         fz_ws.l(fflt_clz.o)
    0x0800639a   0x0000008c   Code   RO          724    x$fpl$fnaninf       fz_ws.l(fnaninf.o)
    0x08006426   0x0000000a   Code   RO          726    x$fpl$fretinf       fz_ws.l(fretinf.o)
    0x08006430   0x00000004   Code   RO          634    x$fpl$printf1       fz_ws.l(printf1.o)
    0x08006434   0x00000000   Code   RO          728    x$fpl$usenofp       fz_ws.l(usenofp.o)
    0x08006434   0x0000132c   Data   RO          536    .constdata          fonts.o
    0x08007760   0x00000011   Data   RO          584    .constdata          c_w.l(__printf_flags_ss_wp.o)
    0x08007771   0x00000003   PAD
    0x08007774   0x00000008   Data   RO          663    .constdata          c_w.l(_printf_wctomb.o)
    0x0800777c   0x00000028   Data   RO          692    .constdata          c_w.l(_printf_hex_int_ll_ptr.o)
    0x080077a4   0x00000094   Data   RO          765    .constdata          c_w.l(bigflt0.o)
    0x08007838   0x00000020   Data   RO          936    Region$$Table       anon$$obj.o
    0x08007858   0x0000001c   Data   RO          795    locale$$data        c_w.l(lc_numeric_c.o)
    0x08007874   0x00000110   Data   RO          808    locale$$data        c_w.l(lc_ctype_c.o)


    Execution Region RW_IRAM1 (Base: 0x20000000, Size: 0x00001c10, Max: 0x00005000, ABSOLUTE)

    Base Addr    Size         Type   Attr      Idx    E Section Name        Object

    0x20000000   0x00000014   Data   RW           18    .data               system_stm32f10x.o
    0x20000014   0x00000014   Data   RW          114    .data               stm32f10x_rcc.o
    0x20000028   0x00000004   Data   RW          176    .data               usart.o
    0x2000002c   0x00000004   Data   RW          309    .data               delay.o
    0x20000030   0x0000000c   Data   RW          340    .data               main.o
    0x2000003c   0x0000001c   Data   RW          370    .data               timer.o
    0x20000058   0x00000004   Data   RW          469    .data               lm75b.o
    0x2000005c   0x00000006   Data   RW          495    .data               adxl345.o
    0x20000062   0x00000001   Data   RW          510    .data               joystick.o
    0x20000063   0x00000001   PAD
    0x20000064   0x00000140   Zero   RW          339    .bss                main.o
    0x200001a4   0x0000100c   Zero   RW          356    .bss                fifo.o
    0x200011b0   0x00000400   Zero   RW          523    .bss                ssd1306.o
    0x200015b0   0x00000060   Zero   RW          730    .bss                c_w.l(libspace.o)
    0x20001610   0x00000200   Zero   RW           79    HEAP                startup_stm32f10x_md.o
    0x20001810   0x00000400   Zero   RW           78    STACK               startup_stm32f10x_md.o


==============================================================================

Image component sizes


      Code (inc. data)   RO Data    RW Data    ZI Data      Debug   Object Name

       106          0          0          0          0       1260   adc.o
       292         20          0          6          0       2590   adxl345.o
        48          4          0          0          0        641   buzzer.o
      1212         52          0          0          0       2738   config.o
         0          0          0          0          0       4244   core_cm3.o
       200         12          0          4          0       1215   delay.o
       462          0          0          0          0       2276   ds3231.o
       208         10          0          0       4108       1985   fifo.o
         0          0       4908          0          0       1212   fonts.o
      1138          4          0          0          0       4658   io_iic.o
       240         18          0          1          0        736   joystick.o
       496         30          0          0          0       3022   json.o
       148          8          0          4          0       1737   lm75b.o
      1336        424          0         12        320       3277   main.o
       220         20          0          0          0       1933   misc.o
       340         10          0          0          0       1635   rgb_led.o
      1532         36          0          0       1024       6059   ssd1306.o
        64         26        236          0       1536        868   startup_stm32f10x_md.o
      1102         26          0          0          0      10965   stm32f10x_adc.o
       856         40          0          0          0       5777   stm32f10x_gpio.o
       100         12          0          0          0       1574   stm32f10x_it.o
       932         44          0         20          0       8988   stm32f10x_rcc.o
      3610         88          0          0          0      22264   stm32f10x_tim.o
      1032         22          0          0          0       8504   stm32f10x_usart.o
       476         36          0         20          0     258631   system_stm32f10x.o
       216         34          0         28          0       1275   timer.o
       128         10          0          4          0     241862   usart.o

    ----------------------------------------------------------------------
     16504        986       5176        100       6988     601926   Object Totals
         0          0         32          0          0          0   (incl. Generated)
        10          0          0          1          0          0   (incl. Padding)

    ----------------------------------------------------------------------

      Code (inc. data)   RO Data    RW Data    ZI Data      Debug   Library Member Name

        24          4          0          0          0         84   __2printf.o
         8          0          0          0          0         68   __main.o
       396          6         17          0          0         92   __printf_flags_ss_wp.o
        14          0          0          0          0         68   __printf_wp.o
        52          8          0          0          0          0   __scatter.o
        26          0          0          0          0          0   __scatter_copy.o
        28          0          0          0          0          0   __scatter_zi.o
        28          0          0          0          0         68   _chval.o
         6          0          0          0          0          0   _printf_a.o
         6          0          0          0          0          0   _printf_c.o
        44          0          0          0          0        108   _printf_char.o
        48          6          0          0          0         96   _printf_char_common.o
        36          4          0          0          0         80   _printf_char_file.o
        42          0          0          0          0         68   _printf_charcount.o
         6          0          0          0          0          0   _printf_d.o
       120         18          0          0          0         92   _printf_dec.o
         6          0          0          0          0          0   _printf_e.o
         6          0          0          0          0          0   _printf_f.o
      1056          0          0          0          0        216   _printf_fp_dec.o
       128         16          0          0          0         84   _printf_fp_infnan.o
         6          0          0          0          0          0   _printf_g.o
       156          6         40          0          0        160   _printf_hex_int_ll_ptr.o
         6          0          0          0          0          0   _printf_i.o
       184          0          0          0          0         88   _printf_intcommon.o
        10          0          0          0          0          0   _printf_l.o
         6          0          0          0          0          0   _printf_lc.o
        10          0          0          0          0          0   _printf_ll.o
         6          0          0          0          0          0   _printf_lld.o
         6          0          0          0          0          0   _printf_lli.o
         6          0          0          0          0          0   _printf_llo.o
         6          0          0          0          0          0   _printf_llu.o
         6          0          0          0          0          0   _printf_llx.o
       120         16          0          0          0         92   _printf_longlong_dec.o
         6          0          0          0          0          0   _printf_ls.o
         6          0          0          0          0          0   _printf_n.o
         6          0          0          0          0          0   _printf_o.o
       120          8          0          0          0        124   _printf_oct_int_ll.o
         6          0          0          0          0          0   _printf_p.o
        82          0          0          0          0        108   _printf_pad.o
         0          0          0          0          0          0   _printf_percent.o
         4          0          0          0          0          0   _printf_percent_end.o
         6          0          0          0          0          0   _printf_s.o
        82          0          0          0          0         80   _printf_str.o
        36          0          0          0          0         84   _printf_truncate.o
         6          0          0          0          0          0   _printf_u.o
        44          0          0          0          0        108   _printf_wchar.o
       188          6          8          0          0         92   _printf_wctomb.o
         6          0          0          0          0          0   _printf_x.o
        16          0          0          0          0         68   _snputc.o
        10          0          0          0          0         68   _sputc.o
       158          0          0          0          0         92   _strtoul.o
        64          0          0          0          0         92   _wcrtomb.o
        26          0          0          0          0         80   atoi.o
       228          6        148          0          0         96   bigflt0.o
      1910        128          0          0          0        672   btod.o
        52          4          0          0          0         80   c89vsnprintf.o
        12          0          0          0          0         72   exit.o
         8          0          0          0          0         68   ferror.o
         6          0          0          0          0        152   heapauxi.o
        44         10        272          0          0         76   lc_ctype_c.o
        44         10         28          0          0         76   lc_numeric_c.o
         2          0          0          0          0          0   libinit.o
        30          0          0          0          0          0   libinit2.o
         2          0          0          0          0          0   libshutdown.o
         2          0          0          0          0          0   libshutdown2.o
         8          4          0          0         96         68   libspace.o
       138          0          0          0          0         80   lludiv10.o
        16          4          0          0          0         76   rt_ctype_table.o
         8          4          0          0          0         68   rt_errno_addr_intlibspace.o
         8          4          0          0          0         68   rt_locale_intlibspace.o
        68          0          0          0          0         68   rt_memclr.o
        78          0          0          0          0         80   rt_memclr_w.o
         0          0          0          0          0          0   rtentry.o
        12          0          0          0          0          0   rtentry2.o
         6          0          0          0          0          0   rtentry4.o
         2          0          0          0          0          0   rtexit.o
        10          0          0          0          0          0   rtexit2.o
        20          0          0          0          0         68   strchr.o
       128          0          0          0          0         68   strcmpv7m.o
        62          0          0          0          0         76   strlen.o
        86          0          0          0          0         76   strncpy.o
        22          0          0          0          0         68   strrchr.o
       112          0          0          0          0         88   strtol.o
        74          0          0          0          0         80   sys_stackheap_outer.o
         2          0          0          0          0         68   use_no_semi.o
         2          0          0          0          0         68   use_no_semi_2.o
        98          4          0          0          0         92   d2f.o
       688        140          0          0          0        208   ddiv.o
        84          0          0          0          0        136   dflt_clz.o
       340         12          0          0          0        104   dmul.o
       156          4          0          0          0         92   dnaninf.o
        12          0          0          0          0         68   dretinf.o
        86          4          0          0          0         84   f2d.o
        24          0          0          0          0         68   fcmpi.o
       388         76          0          0          0         96   fdiv.o
       104          4          0          0          0         84   feqf.o
        38          0          0          0          0         68   fflt_clz.o
       140          4          0          0          0         84   fnaninf.o
        10          0          0          0          0         68   fretinf.o
         4          0          0          0          0         68   printf1.o
         0          0          0          0          0          0   usenofp.o
        40          0          0          0          0         68   fpclassify.o

    ----------------------------------------------------------------------
      8912        520        516          0         96       6308   Library Totals
        18          0          3          0          0          0   (incl. Padding)

    ----------------------------------------------------------------------

      Code (inc. data)   RO Data    RW Data    ZI Data      Debug   Library Name

      6682        272        513          0         96       4920   c_w.l
      2172        248          0          0          0       1320   fz_ws.l
        40          0          0          0          0         68   m_ws.l

    ----------------------------------------------------------------------
      8912        520        516          0         96       6308   Library Totals

    ----------------------------------------------------------------------

==============================================================================


      Code (inc. data)   RO Data    RW Data    ZI Data      Debug   

     25416       1506       5692        100       7084     602410   Grand Totals
     25416       1506       5692        100       7084     602410   ELF Image Totals
     25416       1506       5692        100          0          0   ROM Totals

==============================================================================

    Total RO  Size (Code + RO Data)                31108 (  30.38kB)
    Total RW  Size (RW Data + ZI Data)              7184 (   7.02kB)
    Total ROM Size (Code + RO Data + RW Data)      31208 (  30.48kB)

==============================================================================

