<html>
<body>
<pre>
<h1>礦ision Build Log</h1>
<h2>Project:</h2>
D:\临时任务\99016 双模蓝牙\mcu\Xnucleo-Code\Xnucleo-Code\Xnucleo-Code\Projects\XNUCLEO-F103RB\Printf 初始完整版03\IDE\Printf.uvproj
Project File Date:  10/11/2016

<h2>Output:</h2>
Build target 'Printf'
compiling Fonts.c...
linking...
Program Size: Code=25416 RO-data=5692 RW-data=100 ZI-data=7084  
FromELF: creating hex file...
"..\TEMP\Printf.axf" - 0 Error(s), 0 Warning(s).
Load "..\\TEMP\\Printf.axf" 
Erase Done.
Programming Done.
Verify OK.
Application running ...
</pre>
</body>
</html>
XL345.c...
compiling Joystick.c...
compiling SSD1306.c...
compiling Fonts.c...
linking...
Program Size: Code=25416 RO-data=5692 RW-data=100 ZI-data=7084  
FromELF: creating hex file...
"..\TEMP\Printf.axf" - 0 Error(s), 0 Warning(s).
Load "..\\TEMP\\Printf.axf" 
Erase Done.
Programming Done.
Verify OK.
Application running ...
Symbol gImage_Maker_Faire multiply defined (by main.o and usart.o).
..\TEMP\Printf.axf: Error: L6200E: Symbol gImage_Maker_Faire multiply defined (by fifo.o and usart.o).
..\TEMP\Printf.axf: Error: L6200E: Symbol gImage_Maker_Faire multiply defined (by stm32f10x_it.o and usart.o).
..\TEMP\Printf.axf: Error: L6200E: Symbol gImage_Maker_Faire multiply defined (by json.o and usart.o).
..\TEMP\Printf.axf: Error: L6200E: Symbol gImage_Maker_Faire multiply defined (by rgb_led.o and usart.o).
..\TEMP\Printf.axf: Error: L6200E: Symbol gImage_Maker_Faire multiply defined (by buzzer.o and usart.o).
..\TEMP\Printf.axf: Error: L6200E: Symbol gImage_Maker_Faire multiply defined (by adc.o and usart.o).
..\TEMP\Printf.axf: Error: L6200E: Symbol gImage_Maker_Faire multiply defined (by io_iic.o and usart.o).
..\TEMP\Printf.axf: Error: L6200E: Symbol gImage_Maker_Faire multiply defined (by lm75b.o and usart.o).
..\TEMP\Printf.axf: Error: L6200E: Symbol gImage_Maker_Faire multiply defined (by ds3231.o and usart.o).
..\TEMP\Printf.axf: Error: L6200E: Symbol gImage_Maker_Faire multiply defined (by adxl345.o and usart.o).
..\TEMP\Printf.axf: Error: L6200E: Symbol gImage_Maker_Faire multiply defined (by joystick.o and usart.o).
..\TEMP\Printf.axf: Error: L6200E: Symbol gImage_Maker_Faire multiply defined (by ssd1306.o and usart.o).
..\TEMP\Printf.axf: Error: L6200E: Symbol gImage_Maker_Faire multiply defined (by fonts.o and usart.o).
Not enough information to list image symbols.
Not enough information to list the image map.
Finished: 2 information, 0 warning and 16 error messages.
"..\TEMP\Printf.axf" - 16 Error(s), 0 Warning(s).
Target not created
and usart.o).
..\TEMP\Printf.axf: Error: L6200E: Symbol c_chFont1608 multiply defined (by buzzer.o and usart.o).
..\TEMP\Printf.axf: Error: L6200E: Symbol c_chFont1608 multiply defined (by adc.o and usart.o).
..\TEMP\Printf.axf: Error: L6200E: Symbol c_chFont1608 multiply defined (by io_iic.o and usart.o).
..\TEMP\Printf.axf: Error: L6200E: Symbol c_chFont1608 multiply defined (by lm75b.o and usart.o).
..\TEMP\Printf.axf: Error: L6200E: Symbol c_chFont1608 multiply defined (by ds3231.o and usart.o).
..\TEMP\Printf.axf: Error: L6200E: Symbol c_chFont1608 multiply defined (by adxl345.o and usart.o).
..\TEMP\Printf.axf: Error: L6200E: Symbol c_chFont1608 multiply defined (by joystick.o and usart.o).
..\TEMP\Printf.axf: Error: L6200E: Symbol c_chFont1608 multiply defined (by ssd1306.o and usart.o).
..\TEMP\Printf.axf: Error: L6200E: Symbol c_chFont1608 multiply defined (by fonts.o and usart.o).
..\TEMP\Printf.axf: Error: L6200E: Symbol c_chFont1612 multiply defined (by delay.o and usart.o).
..\TEMP\Printf.axf: Error: L6200E: Symbol c_chFont1612 multiply defined (by config.o and usart.o).
..\TEMP\Printf.axf: Error: L6200E: Symbol c_chFont1612 multiply defined (by main.o and usart.o).
..\TEMP\Printf.axf: Error: L6200E: Symbol c_chFont1612 multiply defined (by fifo.o and usart.o).
..\TEMP\Printf.axf: Error: L6200E: Symbol c_chFont1612 multiply defined (by stm32f10x_it.o and usart.o).
..\TEMP\Printf.axf: Error: L6200E: Symbol c_chFont1612 multiply defined (by json.o and usart.o).
..\TEMP\Printf.axf: Error: L6200E: Symbol c_chFont1612 multiply defined (by rgb_led.o and usart.o).
..\TEMP\Printf.axf: Error: L6200E: Symbol c_chFont1612 multiply defined (by buzzer.o and usart.o).
..\TEMP\Printf.axf: Error: L6200E: Symbol c_chFont1612 multiply defined (by adc.o and usart.o).
..\TEMP\Printf.axf: Error: L6200E: Symbol c_chFont1612 multiply defined (by io_iic.o and usart.o).
..\TEMP\Printf.axf: Error: L6200E: Symbol c_chFont1612 multiply defined (by lm75b.o and usart.o).
..\TEMP\Printf.axf: Error: L6200E: Symbol c_chFont1612 multiply defined (by ds3231.o and usart.o).
..\TEMP\Printf.axf: Error: L6200E: Symbol c_chFont1612 multiply defined (by adxl345.o and usart.o).
..\TEMP\Printf.axf: Error: L6200E: Symbol c_chFont1612 multiply defined (by joystick.o and usart.o).
..\TEMP\Printf.axf: Error: L6200E: Symbol c_chFont1612 multiply defined (by ssd1306.o and usart.o).
..\TEMP\Printf.axf: Error: L6200E: Symbol c_chFont1612 multiply defined (by fonts.o and usart.o).
..\TEMP\Printf.axf: Error: L6200E: Symbol c_chFont3216 multiply defined (by delay.o and usart.o).
..\TEMP\Printf.axf: Error: L6200E: Symbol c_chFont3216 multiply defined (by config.o and usart.o).
..\TEMP\Printf.axf: Error: L6200E: Symbol c_chFont3216 multiply defined (by main.o and usart.o).
..\TEMP\Printf.axf: Error: L6200E: Symbol c_chFont3216 multiply defined (by fifo.o and usart.o).
..\TEMP\Printf.axf: Error: L6200E: Symbol c_chFont3216 multiply defined (by stm32f10x_it.o and usart.o).
..\TEMP\Printf.axf: Error: L6200E: Symbol c_chFont3216 multiply defined (by json.o and usart.o).
..\TEMP\Printf.axf: Error: L6200E: Symbol c_chFont3216 multiply defined (by rgb_led.o and usart.o).
..\TEMP\Printf.axf: Error: L6200E: Symbol c_chFont3216 multiply defined (by buzzer.o and usart.o).
..\TEMP\Printf.axf: Error: L6200E: Symbol c_chFont3216 multiply defined (by adc.o and usart.o).
..\TEMP\Printf.axf: Error: L6200E: Symbol c_chFont3216 multiply defined (by io_iic.o and usart.o).
..\TEMP\Printf.axf: Error: L6200E: Symbol c_chFont3216 multiply defined (by lm75b.o and usart.o).
..\TEMP\Printf.axf: Error: L6200E: Symbol c_chFont3216 multiply defined (by ds3231.o and usart.o).
..\TEMP\Printf.axf: Error: L6200E: Symbol c_chFont3216 multiply defined (by adxl345.o and usart.o).
..\TEMP\Printf.axf: Error: L6200E: Symbol c_chFont3216 multiply defined (by joystick.o and usart.o).
..\TEMP\Printf.axf: Error: L6200E: Symbol c_chFont3216 multiply defined (by ssd1306.o and usart.o).
..\TEMP\Printf.axf: Error: L6200E: Symbol c_chFont3216 multiply defined (by fonts.o and usart.o).
..\TEMP\Printf.axf: Error: L6200E: Symbol c_chBmp4016 multiply defined (by delay.o and usart.o).
..\TEMP\Printf.axf: Error: L6200E: Symbol c_chBmp4016 multiply defined (by config.o and usart.o).
..\TEMP\Printf.axf: Error: L6200E: Symbol c_chBmp4016 multiply defined (by main.o and usart.o).
..\TEMP\Printf.axf: Error: L6200E: Symbol c_chBmp4016 multiply defined (by fifo.o and usart.o).
..\TEMP\Printf.axf: Error: L6200E: Symbol c_chBmp4016 multiply defined (by stm32f10x_it.o and usart.o).
..\TEMP\Printf.axf: Error: L6200E: Symbol c_chBmp4016 multiply defined (by json.o and usart.o).
..\TEMP\Printf.axf: Error: L6200E: Symbol c_chBmp4016 multiply defined (by rgb_led.o and usart.o).
..\TEMP\Printf.axf: Error: L6200E: Symbol c_chBmp4016 multiply defined (by buzzer.o and usart.o).
..\TEMP\Printf.axf: Error: L6200E: Symbol c_chBmp4016 multiply defined (by adc.o and usart.o).
..\TEMP\Printf.axf: Error: L6200E: Symbol c_chBmp4016 multiply defined (by io_iic.o and usart.o).
..\TEMP\Printf.axf: Error: L6200E: Symbol c_chBmp4016 multiply defined (by lm75b.o and usart.o).
..\TEMP\Printf.axf: Error: L6200E: Symbol c_chBmp4016 multiply defined (by ds3231.o and usart.o).
..\TEMP\Printf.axf: Error: L6200E: Symbol c_chBmp4016 multiply defined (by adxl345.o and usart.o).
..\TEMP\Printf.axf: Error: L6200E: Symbol c_chBmp4016 multiply defined (by joystick.o and usart.o).
..\TEMP\Printf.axf: Error: L6200E: Symbol c_chBmp4016 multiply defined (by ssd1306.o and usart.o).
..\TEMP\Printf.axf: Error: L6200E: Symbol c_chBmp4016 multiply defined (by fonts.o and usart.o).
..\TEMP\Printf.axf: Error: L6200E: Symbol c_chSingal816 multiply defined (by delay.o and usart.o).
..\TEMP\Printf.axf: Error: L6200E: Symbol c_chSingal816 multiply defined (by config.o and usart.o).
..\TEMP\Printf.axf: Error: L6200E: Symbol c_chSingal816 multiply defined (by main.o and usart.o).
..\TEMP\Printf.axf: Error: L6200E: Symbol c_chSingal816 multiply defined (by fifo.o and usart.o).
..\TEMP\Printf.axf: Error: L6200E: Symbol c_chSingal816 multiply defined (by stm32f10x_it.o and usart.o).
..\TEMP\Printf.axf: Error: L6200E: Symbol c_chSingal816 multiply defined (by json.o and usart.o).
..\TEMP\Printf.axf: Error: L6200E: Symbol c_chSingal816 multiply defined (by rgb_led.o and usart.o).
..\TEMP\Printf.axf: Error: L6200E: Symbol c_chSingal816 multiply defined (by buzzer.o and usart.o).
..\TEMP\Printf.axf: Error: L6200E: Symbol c_chSingal816 multiply defined (by adc.o and usart.o).
..\TEMP\Printf.axf: Error: L6200E: Symbol c_chSingal816 multiply defined (by io_iic.o and usart.o).
..\TEMP\Printf.axf: Error: L6200E: Symbol c_chSingal816 multiply defined (by lm75b.o and usart.o).
..\TEMP\Printf.axf: Error: L6200E: Symbol c_chSingal816 multiply defined (by ds3231.o and usart.o).
..\TEMP\Printf.axf: Error: L6200E: Symbol c_chSingal816 multiply defined (by adxl345.o and usart.o).
..\TEMP\Printf.axf: Error: L6200E: Symbol c_chSingal816 multiply defined (by joystick.o and usart.o).
..\TEMP\Printf.axf: Error: L6200E: Symbol c_chSingal816 multiply defined (by ssd1306.o and usart.o).
..\TEMP\Printf.axf: Error: L6200E: Symbol c_chSingal816 multiply defined (by fonts.o and usart.o).
..\TEMP\Printf.axf: Error: L6200E: Symbol c_chMsg816 multiply defined (by delay.o and usart.o).
..\TEMP\Printf.axf: Error: L6200E: Symbol c_chMsg816 multiply defined (by config.o and usart.o).
..\TEMP\Printf.axf: Error: L6200E: Symbol c_chMsg816 multiply defined (by main.o and usart.o).
..\TEMP\Printf.axf: Error: L6200E: Symbol c_chMsg816 multiply defined (by fifo.o and usart.o).
..\TEMP\Printf.axf: Error: L6200E: Symbol c_chMsg816 multiply defined (by stm32f10x_it.o and usart.o).
..\TEMP\Printf.axf: Error: L6200E: Symbol c_chMsg816 multiply defined (by json.o and usart.o).
..\TEMP\Printf.axf: Error: L6200E: Symbol c_chMsg816 multiply defined (by rgb_led.o and usart.o).
..\TEMP\Printf.axf: Error: L6200E: Symbol c_chMsg816 multiply defined (by buzzer.o and usart.o).
..\TEMP\Printf.axf: Error: L6200E: Symbol c_chMsg816 multiply defined (by adc.o and usart.o).
..\TEMP\Printf.axf: Error: L6200E: Symbol c_chMsg816 multiply defined (by io_iic.o and usart.o).
..\TEMP\Printf.axf: Error: L6200E: Symbol c_chMsg816 multiply defined (by lm75b.o and usart.o).
..\TEMP\Printf.axf: Error: L6200E: Symbol c_chMsg816 multiply defined (by ds3231.o and usart.o).
..\TEMP\Printf.axf: Error: L6200E: Symbol c_chMsg816 multiply defined (by adxl345.o and usart.o).
..\TEMP\Printf.axf: Error: L6200E: Symbol c_chMsg816 multiply defined (by joystick.o and usart.o).
..\TEMP\Printf.axf: Error: L6200E: Symbol c_chMsg816 multiply defined (by ssd1306.o and usart.o).
..\TEMP\Printf.axf: Error: L6200E: Symbol c_chMsg816 multiply defined (by fonts.o and usart.o).
..\TEMP\Printf.axf: Error: L6200E: Symbol c_chBluetooth88 multiply defined (by delay.o and usart.o).
..\TEMP\Printf.axf: Error: L6200E: Symbol c_chBluetooth88 multiply defined (by config.o and usart.o).
..\TEMP\Printf.axf: Error: L6200E: Symbol c_chBluetooth88 multiply defined (by main.o and usart.o).
..\TEMP\Printf.axf: Error: L6200E: Symbol c_chBluetooth88 multiply defined (by fifo.o and usart.o).
..\TEMP\Printf.axf: Error: L6200E: Symbol c_chBluetooth88 multiply defined (by stm32f10x_it.o and usart.o).
..\TEMP\Printf.axf: Error: L6200E: Symbol c_chBluetooth88 multiply defined (by json.o and usart.o).
..\TEMP\Printf.axf: Error: L6200E: Symbol c_chBluetooth88 multiply defined (by rgb_led.o and usart.o).
..\TEMP\Printf.axf: Error: L6200E: Symbol c_chBluetooth88 multiply defined (by buzzer.o and usart.o).
..\TEMP\Printf.axf: Error: L6200E: Symbol c_chBluetooth88 multiply defined (by adc.o and usart.o).
..\TEMP\Printf.axf: Error: L6200E: Symbol c_chBluetooth88 multiply defined (by io_iic.o and usart.o).
..\TEMP\Printf.axf: Error: L6200E: Symbol c_chBluetooth88 multiply defined (by lm75b.o and usart.o).
..\TEMP\Printf.axf: Error: L6200E: Symbol c_chBluetooth88 multiply defined (by ds3231.o and usart.o).
..\TEMP\Printf.axf: Error: L6200E: Symbol c_chBluetooth88 multiply defined (by adxl345.o and usart.o).
..\TEMP\Printf.axf: Error: L6200E: Symbol c_chBluetooth88 multiply defined (by joystick.o and usart.o).
..\TEMP\Printf.axf: Error: L6200E: Symbol c_chBluetooth88 multiply defined (by ssd1306.o and usart.o).
..\TEMP\Printf.axf: Error: L6200E: Symbol c_chBluetooth88 multiply defined (by fonts.o and usart.o).
..\TEMP\Printf.axf: Error: L6200E: Symbol c_chBat816 multiply defined (by delay.o and usart.o).
..\TEMP\Printf.axf: Error: L6200E: Symbol c_chBat816 multiply defined (by config.o and usart.o).
..\TEMP\Printf.axf: Error: L6200E: Symbol c_chBat816 multiply defined (by main.o and usart.o).
..\TEMP\Printf.axf: Error: L6200E: Symbol c_chBat816 multiply defined (by fifo.o and usart.o).
..\TEMP\Printf.axf: Error: L6200E: Symbol c_chBat816 multiply defined (by stm32f10x_it.o and usart.o).
..\TEMP\Printf.axf: Error: L6200E: Symbol c_chBat816 multiply defined (by json.o and usart.o).
..\TEMP\Printf.axf: Error: L6200E: Symbol c_chBat816 multiply defined (by rgb_led.o and usart.o).
..\TEMP\Printf.axf: Error: L6200E: Symbol c_chBat816 multiply defined (by buzzer.o and usart.o).
..\TEMP\Printf.axf: Error: L6200E: Symbol c_chBat816 multiply defined (by adc.o and usart.o).
..\TEMP\Printf.axf: Error: L6200E: Symbol c_chBat816 multiply defined (by io_iic.o and usart.o).
..\TEMP\Printf.axf: Error: L6200E: Symbol c_chBat816 multiply defined (by lm75b.o and usart.o).
..\TEMP\Printf.axf: Error: L6200E: Symbol c_chBat816 multiply defined (by ds3231.o and usart.o).
..\TEMP\Printf.axf: Error: L6200E: Symbol c_chBat816 multiply defined (by adxl345.o and usart.o).
..\TEMP\Printf.axf: Error: L6200E: Symbol c_chBat816 multiply defined (by joystick.o and usart.o).
..\TEMP\Printf.axf: Error: L6200E: Symbol c_chBat816 multiply defined (by ssd1306.o and usart.o).
..\TEMP\Printf.axf: Error: L6200E: Symbol c_chBat816 multiply defined (by fonts.o and usart.o).
..\TEMP\Printf.axf: Error: L6200E: Symbol c_chGPRS88 multiply defined (by delay.o and usart.o).
..\TEMP\Printf.axf: Error: L6200E: Symbol c_chGPRS88 multiply defined (by config.o and usart.o).
..\TEMP\Printf.axf: Error: L6200E: Symbol c_chGPRS88 multiply defined (by main.o and usart.o).
..\TEMP\Printf.axf: Error: L6200E: Symbol c_chGPRS88 multiply defined (by fifo.o and usart.o).
..\TEMP\Printf.axf: Error: L6200E: Symbol c_chGPRS88 multiply defined (by stm32f10x_it.o and usart.o).
..\TEMP\Printf.axf: Error: L6200E: Symbol c_chGPRS88 multiply defined (by json.o and usart.o).
..\TEMP\Printf.axf: Error: L6200E: Symbol c_chGPRS88 multiply defined (by rgb_led.o and usart.o).
..\TEMP\Printf.axf: Error: L6200E: Symbol c_chGPRS88 multiply defined (by buzzer.o and usart.o).
..\TEMP\Printf.axf: Error: L6200E: Symbol c_chGPRS88 multiply defined (by adc.o and usart.o).
..\TEMP\Printf.axf: Error: L6200E: Symbol c_chGPRS88 multiply defined (by io_iic.o and usart.o).
..\TEMP\Printf.axf: Error: L6200E: Symbol c_chGPRS88 multiply defined (by lm75b.o and usart.o).
..\TEMP\Printf.axf: Error: L6200E: Symbol c_chGPRS88 multiply defined (by ds3231.o and usart.o).
..\TEMP\Printf.axf: Error: L6200E: Symbol c_chGPRS88 multiply defined (by adxl345.o and usart.o).
..\TEMP\Printf.axf: Error: L6200E: Symbol c_chGPRS88 multiply defined (by joystick.o and usart.o).
..\TEMP\Printf.axf: Error: L6200E: Symbol c_chGPRS88 multiply defined (by ssd1306.o and usart.o).
..\TEMP\Printf.axf: Error: L6200E: Symbol c_chGPRS88 multiply defined (by fonts.o and usart.o).
..\TEMP\Printf.axf: Error: L6200E: Symbol c_chAlarm88 multiply defined (by delay.o and usart.o).
..\TEMP\Printf.axf: Error: L6200E: Symbol c_chAlarm88 multiply defined (by config.o and usart.o).
..\TEMP\Printf.axf: Error: L6200E: Symbol c_chAlarm88 multiply defined (by main.o and usart.o).
..\TEMP\Printf.axf: Error: L6200E: Symbol c_chAlarm88 multiply defined (by fifo.o and usart.o).
..\TEMP\Printf.axf: Error: L6200E: Symbol c_chAlarm88 multiply defined (by stm32f10x_it.o and usart.o).
..\TEMP\Printf.axf: Error: L6200E: Symbol c_chAlarm88 multiply defined (by json.o and usart.o).
..\TEMP\Printf.axf: Error: L6200E: Symbol c_chAlarm88 multiply defined (by rgb_led.o and usart.o).
..\TEMP\Printf.axf: Error: L6200E: Symbol c_chAlarm88 multiply defined (by buzzer.o and usart.o).
..\TEMP\Printf.axf: Error: L6200E: Symbol c_chAlarm88 multiply defined (by adc.o and usart.o).
..\TEMP\Printf.axf: Error: L6200E: Symbol c_chAlarm88 multiply defined (by io_iic.o and usart.o).
..\TEMP\Printf.axf: Error: L6200E: Symbol c_chAlarm88 multiply defined (by lm75b.o and usart.o).
..\TEMP\Printf.axf: Error: L6200E: Symbol c_chAlarm88 multiply defined (by ds3231.o and usart.o).
..\TEMP\Printf.axf: Error: L6200E: Symbol c_chAlarm88 multiply defined (by adxl345.o and usart.o).
..\TEMP\Printf.axf: Error: L6200E: Symbol c_chAlarm88 multiply defined (by joystick.o and usart.o).
..\TEMP\Printf.axf: Error: L6200E: Symbol c_chAlarm88 multiply defined (by ssd1306.o and usart.o).
..\TEMP\Printf.axf: Error: L6200E: Symbol c_chAlarm88 multiply defined (by fonts.o and usart.o).
..\TEMP\Printf.axf: Error: L6200E: Symbol gImage_Maker_Faire multiply defined (by delay.o and usart.o).
..\TEMP\Printf.axf: Error: L6200E: Symbol gImage_Maker_Faire multiply defined (by config.o and usart.o).
..\TEMP\Printf.axf: Error: L6200E: Symbol gImage_Maker_Faire multiply defined (by main.o and usart.o).
..\TEMP\Printf.axf: Error: L6200E: Symbol gImage_Maker_Faire multiply defined (by fifo.o and usart.o).
..\TEMP\Printf.axf: Error: L6200E: Symbol gImage_Maker_Faire multiply defined (by stm32f10x_it.o and usart.o).
..\TEMP\Printf.axf: Error: L6200E: Symbol gImage_Maker_Faire multiply defined (by json.o and usart.o).
..\TEMP\Printf.axf: Error: L6200E: Symbol gImage_Maker_Faire multiply defined (by rgb_led.o and usart.o).
..\TEMP\Printf.axf: Error: L6200E: Symbol gImage_Maker_Faire multiply defined (by buzzer.o and usart.o).
..\TEMP\Printf.axf: Error: L6200E: Symbol gImage_Maker_Faire multiply defined (by adc.o and usart.o).
..\TEMP\Printf.axf: Error: L6200E: Symbol gImage_Maker_Faire multiply defined (by io_iic.o and usart.o).
..\TEMP\Printf.axf: Error: L6200E: Symbol gImage_Maker_Faire multiply defined (by lm75b.o and usart.o).
..\TEMP\Printf.axf: Error: L6200E: Symbol gImage_Maker_Faire multiply defined (by ds3231.o and usart.o).
..\TEMP\Printf.axf: Error: L6200E: Symbol gImage_Maker_Faire multiply defined (by adxl345.o and usart.o).
..\TEMP\Printf.axf: Error: L6200E: Symbol gImage_Maker_Faire multiply defined (by joystick.o and usart.o).
..\TEMP\Printf.axf: Error: L6200E: Symbol gImage_Maker_Faire multiply defined (by ssd1306.o and usart.o).
..\TEMP\Printf.axf: Error: L6200E: Symbol gImage_Maker_Faire multiply defined (by fonts.o and usart.o).
Not enough information to list image symbols.
Not enough information to list the image map.
Finished: 2 information, 0 warning and 192 error messages.
"..\TEMP\Printf.axf" - 192 Error(s), 0 Warning(s).
Target not created
.\TEMP\Printf.axf: Error: L6200E: Symbol gImage_abc multiply defined (by stm32f10x_it.o and usart.o).
..\TEMP\Printf.axf: Error: L6200E: Symbol gImage_abc multiply defined (by json.o and usart.o).
..\TEMP\Printf.axf: Error: L6200E: Symbol gImage_abc multiply defined (by rgb_led.o and usart.o).
..\TEMP\Printf.axf: Error: L6200E: Symbol gImage_abc multiply defined (by buzzer.o and usart.o).
..\TEMP\Printf.axf: Error: L6200E: Symbol gImage_abc multiply defined (by adc.o and usart.o).
..\TEMP\Printf.axf: Error: L6200E: Symbol gImage_abc multiply defined (by io_iic.o and usart.o).
..\TEMP\Printf.axf: Error: L6200E: Symbol gImage_abc multiply defined (by lm75b.o and usart.o).
..\TEMP\Printf.axf: Error: L6200E: Symbol gImage_abc multiply defined (by ds3231.o and usart.o).
..\TEMP\Printf.axf: Error: L6200E: Symbol gImage_abc multiply defined (by adxl345.o and usart.o).
..\TEMP\Printf.axf: Error: L6200E: Symbol gImage_abc multiply defined (by joystick.o and usart.o).
..\TEMP\Printf.axf: Error: L6200E: Symbol gImage_abc multiply defined (by ssd1306.o and usart.o).
..\TEMP\Printf.axf: Error: L6200E: Symbol gImage_abc multiply defined (by fonts.o and usart.o).
..\TEMP\Printf.axf: Error: L6200E: Symbol gImage_Maker_Faire multiply defined (by delay.o and usart.o).
..\TEMP\Printf.axf: Error: L6200E: Symbol gImage_Maker_Faire multiply defined (by config.o and usart.o).
..\TEMP\Printf.axf: Error: L6200E: Symbol gImage_Maker_Faire multiply defined (by main.o and usart.o).
..\TEMP\Printf.axf: Error: L6200E: Symbol gImage_Maker_Faire multiply defined (by fifo.o and usart.o).
..\TEMP\Printf.axf: Error: L6200E: Symbol gImage_Maker_Faire multiply defined (by stm32f10x_it.o and usart.o).
..\TEMP\Printf.axf: Error: L6200E: Symbol gImage_Maker_Faire multiply defined (by json.o and usart.o).
..\TEMP\Printf.axf: Error: L6200E: Symbol gImage_Maker_Faire multiply defined (by rgb_led.o and usart.o).
..\TEMP\Printf.axf: Error: L6200E: Symbol gImage_Maker_Faire multiply defined (by buzzer.o and usart.o).
..\TEMP\Printf.axf: Error: L6200E: Symbol gImage_Maker_Faire multiply defined (by adc.o and usart.o).
..\TEMP\Printf.axf: Error: L6200E: Symbol gImage_Maker_Faire multiply defined (by io_iic.o and usart.o).
..\TEMP\Printf.axf: Error: L6200E: Symbol gImage_Maker_Faire multiply defined (by lm75b.o and usart.o).
..\TEMP\Printf.axf: Error: L6200E: Symbol gImage_Maker_Faire multiply defined (by ds3231.o and usart.o).
..\TEMP\Printf.axf: Error: L6200E: Symbol gImage_Maker_Faire multiply defined (by adxl345.o and usart.o).
..\TEMP\Printf.axf: Error: L6200E: Symbol gImage_Maker_Faire multiply defined (by joystick.o and usart.o).
..\TEMP\Printf.axf: Error: L6200E: Symbol gImage_Maker_Faire multiply defined (by ssd1306.o and usart.o).
..\TEMP\Printf.axf: Error: L6200E: Symbol gImage_Maker_Faire multiply defined (by fonts.o and usart.o).
Not enough information to list image symbols.
Not enough information to list the image map.
Finished: 2 information, 0 warning and 224 error messages.
"..\TEMP\Printf.axf" - 224 Error(s), 0 Warning(s).
Target not created
